Archive member included because of file (symbol)

c:/programdata/matlab/supportpackages/r2021b/aide/tools/arm-none-eabi-gcc/4.8.3-2014q1/bin/../lib/gcc/arm-none-eabi/4.8.3/../../../../arm-none-eabi/lib/armv6-m\libm.a(lib_a-s_ceil.o)
                              test.o (ceil)
c:/programdata/matlab/supportpackages/r2021b/aide/tools/arm-none-eabi-gcc/4.8.3-2014q1/bin/../lib/gcc/arm-none-eabi/4.8.3/../../../../arm-none-eabi/lib/armv6-m\libm.a(lib_a-s_floor.o)
                              test.o (floor)
c:/programdata/matlab/supportpackages/r2021b/aide/tools/arm-none-eabi-gcc/4.8.3-2014q1/bin/../lib/gcc/arm-none-eabi/4.8.3/../../../../arm-none-eabi/lib/armv6-m\libm.a(lib_a-s_sin.o)
                              test.o (sin)
c:/programdata/matlab/supportpackages/r2021b/aide/tools/arm-none-eabi-gcc/4.8.3-2014q1/bin/../lib/gcc/arm-none-eabi/4.8.3/../../../../arm-none-eabi/lib/armv6-m\libm.a(lib_a-e_rem_pio2.o)
                              c:/programdata/matlab/supportpackages/r2021b/aide/tools/arm-none-eabi-gcc/4.8.3-2014q1/bin/../lib/gcc/arm-none-eabi/4.8.3/../../../../arm-none-eabi/lib/armv6-m\libm.a(lib_a-s_sin.o) (__ieee754_rem_pio2)
c:/programdata/matlab/supportpackages/r2021b/aide/tools/arm-none-eabi-gcc/4.8.3-2014q1/bin/../lib/gcc/arm-none-eabi/4.8.3/../../../../arm-none-eabi/lib/armv6-m\libm.a(lib_a-k_cos.o)
                              c:/programdata/matlab/supportpackages/r2021b/aide/tools/arm-none-eabi-gcc/4.8.3-2014q1/bin/../lib/gcc/arm-none-eabi/4.8.3/../../../../arm-none-eabi/lib/armv6-m\libm.a(lib_a-s_sin.o) (__kernel_cos)
c:/programdata/matlab/supportpackages/r2021b/aide/tools/arm-none-eabi-gcc/4.8.3-2014q1/bin/../lib/gcc/arm-none-eabi/4.8.3/../../../../arm-none-eabi/lib/armv6-m\libm.a(lib_a-k_rem_pio2.o)
                              c:/programdata/matlab/supportpackages/r2021b/aide/tools/arm-none-eabi-gcc/4.8.3-2014q1/bin/../lib/gcc/arm-none-eabi/4.8.3/../../../../arm-none-eabi/lib/armv6-m\libm.a(lib_a-e_rem_pio2.o) (__kernel_rem_pio2)
c:/programdata/matlab/supportpackages/r2021b/aide/tools/arm-none-eabi-gcc/4.8.3-2014q1/bin/../lib/gcc/arm-none-eabi/4.8.3/../../../../arm-none-eabi/lib/armv6-m\libm.a(lib_a-k_sin.o)
                              c:/programdata/matlab/supportpackages/r2021b/aide/tools/arm-none-eabi-gcc/4.8.3-2014q1/bin/../lib/gcc/arm-none-eabi/4.8.3/../../../../arm-none-eabi/lib/armv6-m\libm.a(lib_a-s_sin.o) (__kernel_sin)
c:/programdata/matlab/supportpackages/r2021b/aide/tools/arm-none-eabi-gcc/4.8.3-2014q1/bin/../lib/gcc/arm-none-eabi/4.8.3/../../../../arm-none-eabi/lib/armv6-m\libm.a(lib_a-s_fabs.o)
                              c:/programdata/matlab/supportpackages/r2021b/aide/tools/arm-none-eabi-gcc/4.8.3-2014q1/bin/../lib/gcc/arm-none-eabi/4.8.3/../../../../arm-none-eabi/lib/armv6-m\libm.a(lib_a-e_rem_pio2.o) (fabs)
c:/programdata/matlab/supportpackages/r2021b/aide/tools/arm-none-eabi-gcc/4.8.3-2014q1/bin/../lib/gcc/arm-none-eabi/4.8.3/../../../../arm-none-eabi/lib/armv6-m\libm.a(lib_a-s_scalbn.o)
                              c:/programdata/matlab/supportpackages/r2021b/aide/tools/arm-none-eabi-gcc/4.8.3-2014q1/bin/../lib/gcc/arm-none-eabi/4.8.3/../../../../arm-none-eabi/lib/armv6-m\libm.a(lib_a-k_rem_pio2.o) (scalbn)
c:/programdata/matlab/supportpackages/r2021b/aide/tools/arm-none-eabi-gcc/4.8.3-2014q1/bin/../lib/gcc/arm-none-eabi/4.8.3/../../../../arm-none-eabi/lib/armv6-m\libm.a(lib_a-s_copysign.o)
                              c:/programdata/matlab/supportpackages/r2021b/aide/tools/arm-none-eabi-gcc/4.8.3-2014q1/bin/../lib/gcc/arm-none-eabi/4.8.3/../../../../arm-none-eabi/lib/armv6-m\libm.a(lib_a-s_scalbn.o) (copysign)
C:/Users/eahil/DOCUME~1/MATLAB/R2021b/ARDUIN~1/ARDUIN~3/FASTER~1\libcore.a(cortex_handlers.o)
                              (Reset_Handler)
C:/Users/eahil/DOCUME~1/MATLAB/R2021b/ARDUIN~1/ARDUIN~3/FASTER~1\libcore.a(hooks.o)
                              C:/Users/eahil/DOCUME~1/MATLAB/R2021b/ARDUIN~1/ARDUIN~3/FASTER~1\libcore.a(cortex_handlers.o) (sysTickHook)
C:/Users/eahil/DOCUME~1/MATLAB/R2021b/ARDUIN~1/ARDUIN~3/FASTER~1\libcore.a(delay.o)
                              io_wrappers.o (millis)
C:/Users/eahil/DOCUME~1/MATLAB/R2021b/ARDUIN~1/ARDUIN~3/FASTER~1\libcore.a(startup.o)
                              C:/Users/eahil/DOCUME~1/MATLAB/R2021b/ARDUIN~1/ARDUIN~3/FASTER~1\libcore.a(cortex_handlers.o) (SystemInit)
C:/Users/eahil/DOCUME~1/MATLAB/R2021b/ARDUIN~1/ARDUIN~3/FASTER~1\libcore.a(wiring.o)
                              ert_main.o (init)
C:/Users/eahil/DOCUME~1/MATLAB/R2021b/ARDUIN~1/ARDUIN~3/FASTER~1\libcore.a(wiring_analog.o)
                              C:/Users/eahil/DOCUME~1/MATLAB/R2021b/ARDUIN~1/ARDUIN~3/FASTER~1\libcore.a(wiring.o) (analogReference)
C:/Users/eahil/DOCUME~1/MATLAB/R2021b/ARDUIN~1/ARDUIN~3/FASTER~1\libcore.a(wiring_digital.o)
                              MW_arduino_digitalio.o (pinMode)
C:/Users/eahil/DOCUME~1/MATLAB/R2021b/ARDUIN~1/ARDUIN~3/FASTER~1\libcore.a(wiring_private.o)
[...]
Memory Configuration

Name             Origin             Length             Attributes
FLASH            0x00002000         0x0003e000         xr
RAM              0x20000000         0x00008000         xrw
*default*        0x00000000         0xffffffff

Linker script and memory map

LOAD c:/programdata/matlab/supportpackages/r2021b/aide/tools/arm-none-eabi-gcc/4.8.3-2014q1/bin/../lib/gcc/arm-none-eabi/4.8.3/armv6-m/crti.o
LOAD c:/programdata/matlab/supportpackages/r2021b/aide/tools/arm-none-eabi-gcc/4.8.3-2014q1/bin/../lib/gcc/arm-none-eabi/4.8.3/armv6-m/crtbegin.o
LOAD c:/programdata/matlab/supportpackages/r2021b/aide/tools/arm-none-eabi-gcc/4.8.3-2014q1/bin/../lib/gcc/arm-none-eabi/4.8.3/../../../../arm-none-eabi/lib/armv6-m/crt0.o
START GROUP
LOAD C:/ProgramData/MATLAB/SupportPackages/R2021b/aIDE/portable/packages/arduino/tools/CMSIS/4.5.0/CMSIS/Lib/GCC\libarm_cortexM0l_math.a
LOAD MW_arduino_digitalio.o
LOAD test.o
LOAD test_data.o
LOAD MW_ArduinoHWInit.o
LOAD io_wrappers.o
LOAD arduinoARM_M0plusScheduler.o
LOAD m0m1m0plus_multitasking.o
LOAD ert_main.o
LOAD C:\Users\eahil\DOCUME~1\MATLAB\R2021b\ARDUIN~1\ARDUIN~3\FASTER~1\MW_RebuildSrc_Core.o
END GROUP
LOAD c:/programdata/matlab/supportpackages/r2021b/aide/tools/arm-none-eabi-gcc/4.8.3-2014q1/bin/../lib/gcc/arm-none-eabi/4.8.3/../../../../arm-none-eabi/lib/armv6-m\libm.a
LOAD C:/Users/eahil/DOCUME~1/MATLAB/R2021b/ARDUIN~1/ARDUIN~3/FASTER~1\libcore.a
START GROUP
LOAD c:/programdata/matlab/supportpackages/r2021b/aide/tools/arm-none-eabi-gcc/4.8.3-2014q1/bin/../lib/gcc/arm-none-eabi/4.8.3/armv6-m\libgcc.a
LOAD c:/programdata/matlab/supportpackages/r2021b/aide/tools/arm-none-eabi-gcc/4.8.3-2014q1/bin/../lib/gcc/arm-none-eabi/4.8.3/../../../../arm-none-eabi/lib/armv6-m\libg_s.a
LOAD c:/programdata/matlab/supportpackages/r2021b/aide/tools/arm-none-eabi-gcc/4.8.3-2014q1/bin/../lib/gcc/arm-none-eabi/4.8.3/../../../../arm-none-eabi/lib/armv6-m\libc_s.a
END GROUP
START GROUP
LOAD c:/programdata/matlab/supportpackages/r2021b/aide/tools/arm-none-eabi-gcc/4.8.3-2014q1/bin/../lib/gcc/arm-none-eabi/4.8.3/armv6-m\libgcc.a
LOAD c:/programdata/matlab/supportpackages/r2021b/aide/tools/arm-none-eabi-gcc/4.8.3-2014q1/bin/../lib/gcc/arm-none-eabi/4.8.3/../../../../arm-none-eabi/lib/armv6-m\libc_s.a
LOAD c:/programdata/matlab/supportpackages/r2021b/aide/tools/arm-none-eabi-gcc/4.8.3-2014q1/bin/../lib/gcc/arm-none-eabi/4.8.3/../../../../arm-none-eabi/lib/armv6-m\libnosys.a
END GROUP
START GROUP
LOAD c:/programdata/matlab/supportpackages/r2021b/aide/tools/arm-none-eabi-gcc/4.8.3-2014q1/bin/../lib/gcc/arm-none-eabi/4.8.3/armv6-m\libgcc.a
LOAD c:/programdata/matlab/supportpackages/r2021b/aide/tools/arm-none-eabi-gcc/4.8.3-2014q1/bin/../lib/gcc/arm-none-eabi/4.8.3/../../../../arm-none-eabi/lib/armv6-m\libc_s.a
LOAD c:/programdata/matlab/supportpackages/r2021b/aide/tools/arm-none-eabi-gcc/4.8.3-2014q1/bin/../lib/gcc/arm-none-eabi/4.8.3/../../../../arm-none-eabi/lib/armv6-m\libnosys.a
END GROUP
LOAD c:/programdata/matlab/supportpackages/r2021b/aide/tools/arm-none-eabi-gcc/4.8.3-2014q1/bin/../lib/gcc/arm-none-eabi/4.8.3/armv6-m/crtend.o
LOAD c:/programdata/matlab/supportpackages/r2021b/aide/tools/arm-none-eabi-gcc/4.8.3-2014q1/bin/../lib/gcc/arm-none-eabi/4.8.3/armv6-m/crtn.o

.text           0x00002000     0x6358
                0x00002000                __text_start__ = .
 *(.sketch_boot)
                0x00002000                . = ALIGN (0x2000)
 *(.isr_vector)
 .isr_vector    0x00002000       0xb4 C:/Users/eahil/DOCUME~1/MATLAB/R2021b/ARDUIN~1/ARDUIN~3/FASTER~1\libcore.a(cortex_handlers.o)
                0x00002000                exception_table
 *(.text*)
 .text          0x000020b4       0x60 c:/programdata/matlab/supportpackages/r2021b/aide/tools/arm-none-eabi-gcc/4.8.3-2014q1/bin/../lib/gcc/arm-none-eabi/4.8.3/armv6-m/crtbegin.o
 .text.digitalIOSetup
                0x00002114       0x12 MW_arduino_digitalio.o
                0x00002114                digitalIOSetup
 .text.writeDigitalPin
                0x00002126        0xe MW_arduino_digitalio.o
                0x00002126                writeDigitalPin
 *fill*         0x00002134        0x4 
 .text.rt_roundd_snf
                0x00002138       0x90 test.o
                0x00002138                rt_roundd_snf
 .text.test_step
                0x000021c8       0xd0 test.o
                0x000021c8                test_step
 .text.test_initialize
                0x00002298       0x30 test.o
                0x00002298                test_initialize
 .text.test_terminate
                0x000022c8       0x14 test.o
                0x000022c8                test_terminate
 .text.MW_Arduino_Init
                0x000022dc        0xe MW_ArduinoHWInit.o
                0x000022dc                MW_Arduino_Init
 .text.MW_Arduino_Terminate
                0x000022ea        0x8 MW_ArduinoHWInit.o
                0x000022ea                MW_Arduino_Terminate
 *fill*         0x000022f2        0x2 
 .text.MW_usbattach
                0x000022f4       0x1c io_wrappers.o
                0x000022f4                MW_usbattach
 .text.Serial_begin
                0x00002310       0x24 io_wrappers.o
                0x00002310                Serial_begin
 .text._ZL13Scheduler_Isrv
                0x00002334        0xc arduinoARM_M0plusScheduler.o
 .text.resetExternalChip
                0x00002340        0x2 arduinoARM_M0plusScheduler.o
                0x00002340                resetExternalChip
 *fill*         0x00002342        0x2 
 .text.RTC_Handler
                0x00002344       0x20 arduinoARM_M0plusScheduler.o
                0x00002344                RTC_Handler
 .text.Setup_SchedulerRTC
                0x00002364       0xac arduinoARM_M0plusScheduler.o
                0x00002364                Setup_SchedulerRTC
 .text.configureArduinoARM_M0plusTimer
                0x00002410       0x14 arduinoARM_M0plusScheduler.o
                0x00002410                configureArduinoARM_M0plusTimer
 .text.disable_rt_OneStep
                0x00002424       0x14 arduinoARM_M0plusScheduler.o
                0x00002424                disable_rt_OneStep
 .text.MW_Arduino_Loop
                0x00002438        0x4 arduinoARM_M0plusScheduler.o
                0x00002438                MW_Arduino_Loop
 .text.arm_cortex_m_call_thread_with_context_switch
                0x0000243c       0x24 m0m1m0plus_multitasking.o
                0x0000243c                arm_cortex_m_call_thread_with_context_switch
 .text.SVC_Handler
                0x00002460       0x2c m0m1m0plus_multitasking.o
                0x00002460                SVC_Handler
 .text.rt_OneStep
                0x0000248c       0x34 ert_main.o
                0x0000248c                rt_OneStep
 .text.startup.main
                0x000024c0       0x74 ert_main.o
                0x000024c0                main
 *fill*         0x00002534        0x4 
 .text.ceil     0x00002538      0x168 c:/programdata/matlab/supportpackages/r2021b/aide/tools/arm-none-eabi-gcc/4.8.3-2014q1/bin/../lib/gcc/arm-none-eabi/4.8.3/../../../../arm-none-eabi/lib/armv6-m\libm.a(lib_a-s_ceil.o)
                0x00002538                ceil
 .text.floor    0x000026a0      0x170 c:/programdata/matlab/supportpackages/r2021b/aide/tools/arm-none-eabi-gcc/4.8.3-2014q1/bin/../lib/gcc/arm-none-eabi/4.8.3/../../../../arm-none-eabi/lib/armv6-m\libm.a(lib_a-s_floor.o)
                0x000026a0                floor
 .text.sin      0x00002810       0xb0 c:/programdata/matlab/supportpackages/r2021b/aide/tools/arm-none-eabi-gcc/4.8.3-2014q1/bin/../lib/gcc/arm-none-eabi/4.8.3/../../../../arm-none-eabi/lib/armv6-m\libm.a(lib_a-s_sin.o)
                0x00002810                sin
 .text.__ieee754_rem_pio2
                0x000028c0      0x478 c:/programdata/matlab/supportpackages/r2021b/aide/tools/arm-none-eabi-gcc/4.8.3-2014q1/bin/../lib/gcc/arm-none-eabi/4.8.3/../../../../arm-none-eabi/lib/armv6-m\libm.a(lib_a-e_rem_pio2.o)
                0x000028c0                __ieee754_rem_pio2
 .text.__kernel_cos
                0x00002d38      0x248 c:/programdata/matlab/supportpackages/r2021b/aide/tools/arm-none-eabi-gcc/4.8.3-2014q1/bin/../lib/gcc/arm-none-eabi/4.8.3/../../../../arm-none-eabi/lib/armv6-m\libm.a(lib_a-k_cos.o)
                0x00002d38                __kernel_cos
 .text.__kernel_rem_pio2
                0x00002f80      0x830 c:/programdata/matlab/supportpackages/r2021b/aide/tools/arm-none-eabi-gcc/4.8.3-2014q1/bin/../lib/gcc/arm-none-eabi/4.8.3/../../../../arm-none-eabi/lib/armv6-m\libm.a(lib_a-k_rem_pio2.o)
                0x00002f80                __kernel_rem_pio2
 .text.__kernel_sin
                0x000037b0      0x158 c:/programdata/matlab/supportpackages/r2021b/aide/tools/arm-none-eabi-gcc/4.8.3-2014q1/bin/../lib/gcc/arm-none-eabi/4.8.3/../../../../arm-none-eabi/lib/armv6-m\libm.a(lib_a-k_sin.o)
                0x000037b0                __kernel_sin
 .text.fabs     0x00003908        0x8 c:/programdata/matlab/supportpackages/r2021b/aide/tools/arm-none-eabi-gcc/4.8.3-2014q1/bin/../lib/gcc/arm-none-eabi/4.8.3/../../../../arm-none-eabi/lib/armv6-m\libm.a(lib_a-s_fabs.o)
                0x00003908                fabs
 .text.scalbn   0x00003910      0x110 c:/programdata/matlab/supportpackages/r2021b/aide/tools/arm-none-eabi-gcc/4.8.3-2014q1/bin/../lib/gcc/arm-none-eabi/4.8.3/../../../../arm-none-eabi/lib/armv6-m\libm.a(lib_a-s_scalbn.o)
                0x00003910                scalbn
 .text.copysign
                0x00003a20       0x10 c:/programdata/matlab/supportpackages/r2021b/aide/tools/arm-none-eabi-gcc/4.8.3-2014q1/bin/../lib/gcc/arm-none-eabi/4.8.3/../../../../arm-none-eabi/lib/armv6-m\libm.a(lib_a-s_copysign.o)
                0x00003a20                copysign
 .text.Dummy_Handler
                0x00003a30        0x2 C:/Users/eahil/DOCUME~1/MATLAB/R2021b/ARDUIN~1/ARDUIN~3/FASTER~1\libcore.a(cortex_handlers.o)
                0x00003a30                DMAC_Handler
                0x00003a30                HardFault_Handler
                0x00003a30                AC_Handler
                0x00003a30                PendSV_Handler
                0x00003a30                NMI_Handler
                0x00003a30                TC7_Handler
                0x00003a30                SERCOM1_Handler
                0x00003a30                ADC_Handler
                0x00003a30                TCC1_Handler
                0x00003a30                TCC0_Handler
                0x00003a30                EIC_Handler
                0x00003a30                TC6_Handler
                0x00003a30                WDT_Handler
                0x00003a30                TC4_Handler
                0x00003a30                TC3_Handler
                0x00003a30                Dummy_Handler
                0x00003a30                PM_Handler
                0x00003a30                TCC2_Handler
                0x00003a30                EVSYS_Handler
                0x00003a30                SERCOM4_Handler
                0x00003a30                I2S_Handler
                0x00003a30                NVMCTRL_Handler
                0x00003a30                SERCOM0_Handler
                0x00003a30                DAC_Handler
                0x00003a30                PTC_Handler
                0x00003a30                SYSCTRL_Handler
 *fill*         0x00003a32        0x2 
 .text.USB_Handler
                0x00003a34       0x14 C:/Users/eahil/DOCUME~1/MATLAB/R2021b/ARDUIN~1/ARDUIN~3/FASTER~1\libcore.a(cortex_handlers.o)
                0x00003a34                USB_Handler
 .text.Reset_Handler
                0x00003a48       0x54 C:/Users/eahil/DOCUME~1/MATLAB/R2021b/ARDUIN~1/ARDUIN~3/FASTER~1\libcore.a(cortex_handlers.o)
                0x00003a48                Reset_Handler
 .text.SysTick_Handler
                0x00003a9c       0x10 C:/Users/eahil/DOCUME~1/MATLAB/R2021b/ARDUIN~1/ARDUIN~3/FASTER~1\libcore.a(cortex_handlers.o)
                0x00003a9c                SysTick_Handler
 .text.USB_SetHandler
                0x00003aac        0xc C:/Users/eahil/DOCUME~1/MATLAB/R2021b/ARDUIN~1/ARDUIN~3/FASTER~1\libcore.a(cortex_handlers.o)
                0x00003aac                USB_SetHandler
 .text.__false  0x00003ab8        0x4 C:/Users/eahil/DOCUME~1/MATLAB/R2021b/ARDUIN~1/ARDUIN~3/FASTER~1\libcore.a(hooks.o)
                0x00003ab8                sysTickHook
 .text.SysTick_DefaultHandler
                0x00003abc       0x14 C:/Users/eahil/DOCUME~1/MATLAB/R2021b/ARDUIN~1/ARDUIN~3/FASTER~1\libcore.a(delay.o)
                0x00003abc                SysTick_DefaultHandler
 .text.SystemInit
                0x00003ad0      0x198 C:/Users/eahil/DOCUME~1/MATLAB/R2021b/ARDUIN~1/ARDUIN~3/FASTER~1\libcore.a(startup.o)
                0x00003ad0                SystemInit
 .text.init     0x00003c68       0xf0 C:/Users/eahil/DOCUME~1/MATLAB/R2021b/ARDUIN~1/ARDUIN~3/FASTER~1\libcore.a(wiring.o)
                0x00003c68                init
 .text.analogReference
                0x00003d58       0x5c C:/Users/eahil/DOCUME~1/MATLAB/R2021b/ARDUIN~1/ARDUIN~3/FASTER~1\libcore.a(wiring_analog.o)
                0x00003d58                analogReference
 .text.pinMode  0x00003db4       0xb4 C:/Users/eahil/DOCUME~1/MATLAB/R2021b/ARDUIN~1/ARDUIN~3/FASTER~1\libcore.a(wiring_digital.o)
                0x00003db4                pinMode
 .text.digitalWrite
                0x00003e68       0x60 C:/Users/eahil/DOCUME~1/MATLAB/R2021b/ARDUIN~1/ARDUIN~3/FASTER~1\libcore.a(wiring_digital.o)
                0x00003e68                digitalWrite
 .text.pinPeripheral
                0x00003ec8       0xc4 C:/Users/eahil/DOCUME~1/MATLAB/R2021b/ARDUIN~1/ARDUIN~3/FASTER~1\libcore.a(wiring_private.o)
                0x00003ec8                pinPeripheral
 .text.initiateReset
                0x00003f8c       0x14 C:/Users/eahil/DOCUME~1/MATLAB/R2021b/ARDUIN~1/ARDUIN~3/FASTER~1\libcore.a(Reset.o)
                0x00003f8c                initiateReset
 .text.cancelReset
                0x00003fa0       0x10 C:/Users/eahil/DOCUME~1/MATLAB/R2021b/ARDUIN~1/ARDUIN~3/FASTER~1\libcore.a(Reset.o)
                0x00003fa0                cancelReset
 .text.tickReset
                0x00003fb0       0x74 C:/Users/eahil/DOCUME~1/MATLAB/R2021b/ARDUIN~1/ARDUIN~3/FASTER~1\libcore.a(Reset.o)
                0x00003fb0                tickReset
 .text._ZN4UartcvbEv
                0x00004024        0x4 C:/Users/eahil/DOCUME~1/MATLAB/R2021b/ARDUIN~1/ARDUIN~3/FASTER~1\libcore.a(Uart.o)
                0x00004024                Uart::operator bool()
 .text._ZN4Uart5beginEm
                0x00004028       0x10 C:/Users/eahil/DOCUME~1/MATLAB/R2021b/ARDUIN~1/ARDUIN~3/FASTER~1\libcore.a(Uart.o)
                0x00004028                Uart::begin(unsigned long)
 .text._ZN4Uart4peekEv
                0x00004038       0x1a C:/Users/eahil/DOCUME~1/MATLAB/R2021b/ARDUIN~1/ARDUIN~3/FASTER~1\libcore.a(Uart.o)
                0x00004038                Uart::peek()
 .text._ZN4Uart3endEv
                0x00004052       0x20 C:/Users/eahil/DOCUME~1/MATLAB/R2021b/ARDUIN~1/ARDUIN~3/FASTER~1\libcore.a(Uart.o)
                0x00004052                Uart::end()
 *fill*         0x00004072        0x2 
 .text._ZN4UartC2EP6SERCOMhh11SercomRXPad15SercomUartTXPadhh
                0x00004074       0xa4 C:/Users/eahil/DOCUME~1/MATLAB/R2021b/ARDUIN~1/ARDUIN~3/FASTER~1\libcore.a(Uart.o)
                0x00004074                Uart::Uart(SERCOM*, unsigned char, unsigned char, SercomRXPad, SercomUartTXPad, unsigned char, unsigned char)
                0x00004074                Uart::Uart(SERCOM*, unsigned char, unsigned char, SercomRXPad, SercomUartTXPad, unsigned char, unsigned char)
 .text._ZN4UartC2EP6SERCOMhh11SercomRXPad15SercomUartTXPad
                0x00004118       0x24 C:/Users/eahil/DOCUME~1/MATLAB/R2021b/ARDUIN~1/ARDUIN~3/FASTER~1\libcore.a(Uart.o)
                0x00004118                Uart::Uart(SERCOM*, unsigned char, unsigned char, SercomRXPad, SercomUartTXPad)
                0x00004118                Uart::Uart(SERCOM*, unsigned char, unsigned char, SercomRXPad, SercomUartTXPad)
 .text._ZN4Uart16extractNbStopBitEt
                0x0000413c        0xe C:/Users/eahil/DOCUME~1/MATLAB/R2021b/ARDUIN~1/ARDUIN~3/FASTER~1\libcore.a(Uart.o)
                0x0000413c                Uart::extractNbStopBit(unsigned short)
 .text._ZN4Uart15extractCharSizeEt
                0x0000414a       0x2c C:/Users/eahil/DOCUME~1/MATLAB/R2021b/ARDUIN~1/ARDUIN~3/FASTER~1\libcore.a(Uart.o)
                0x0000414a                Uart::extractCharSize(unsigned short)
 .text._ZN4Uart13extractParityEt
                0x00004176       0x18 C:/Users/eahil/DOCUME~1/MATLAB/R2021b/ARDUIN~1/ARDUIN~3/FASTER~1\libcore.a(Uart.o)
                0x00004176                Uart::extractParity(unsigned short)
 *fill*         0x0000418e        0x2 
 .text._ZN4Uart5beginEmt
                0x00004190       0xf8 C:/Users/eahil/DOCUME~1/MATLAB/R2021b/ARDUIN~1/ARDUIN~3/FASTER~1\libcore.a(Uart.o)
                0x00004190                Uart::begin(unsigned long, unsigned short)
 .text._ZN11RingBufferNILi256EE9availableEv
                0x00004288       0x12 C:/Users/eahil/DOCUME~1/MATLAB/R2021b/ARDUIN~1/ARDUIN~3/FASTER~1\libcore.a(Uart.o)
                0x00004288                RingBufferN<256>::available()
 .text._ZN4Uart5flushEv
                0x0000429a       0x1a C:/Users/eahil/DOCUME~1/MATLAB/R2021b/ARDUIN~1/ARDUIN~3/FASTER~1\libcore.a(Uart.o)
                0x0000429a                Uart::flush()
 .text._ZN4Uart9availableEv
                0x000042b4        0xa C:/Users/eahil/DOCUME~1/MATLAB/R2021b/ARDUIN~1/ARDUIN~3/FASTER~1\libcore.a(Uart.o)
                0x000042b4                Uart::available()
 .text._ZN11RingBufferNILi256EE17availableForStoreEv
                0x000042be       0x1e C:/Users/eahil/DOCUME~1/MATLAB/R2021b/ARDUIN~1/ARDUIN~3/FASTER~1\libcore.a(Uart.o)
                0x000042be                RingBufferN<256>::availableForStore()
 .text._ZN4Uart17availableForWriteEv
                0x000042dc        0xc C:/Users/eahil/DOCUME~1/MATLAB/R2021b/ARDUIN~1/ARDUIN~3/FASTER~1\libcore.a(Uart.o)
                0x000042dc                Uart::availableForWrite()
 .text._ZN4Uart10IrqHandlerEv
                0x000042e8       0xc8 C:/Users/eahil/DOCUME~1/MATLAB/R2021b/ARDUIN~1/ARDUIN~3/FASTER~1\libcore.a(Uart.o)
                0x000042e8                Uart::IrqHandler()
 .text._ZN4Uart5writeEh
                0x000043b0       0xb4 C:/Users/eahil/DOCUME~1/MATLAB/R2021b/ARDUIN~1/ARDUIN~3/FASTER~1\libcore.a(Uart.o)
                0x000043b0                Uart::write(unsigned char)
 .text._ZN4Uart4readEv
                0x00004464       0x4c C:/Users/eahil/DOCUME~1/MATLAB/R2021b/ARDUIN~1/ARDUIN~3/FASTER~1\libcore.a(Uart.o)
                0x00004464                Uart::read()
 .text._ZN7Serial_13getDescriptorER8USBSetup
                0x000044b0        0x4 C:/Users/eahil/DOCUME~1/MATLAB/R2021b/ARDUIN~1/ARDUIN~3/FASTER~1\libcore.a(CDC.o)
                0x000044b0                Serial_::getDescriptor(USBSetup&)
 .text._ZThn16_N7Serial_13getDescriptorER8USBSetup
                0x000044b4       0x10 C:/Users/eahil/DOCUME~1/MATLAB/R2021b/ARDUIN~1/ARDUIN~3/FASTER~1\libcore.a(CDC.o)
                0x000044b4                non-virtual thunk to Serial_::getDescriptor(USBSetup&)
 .text._ZL5utox8mPc
                0x000044c4       0x1c C:/Users/eahil/DOCUME~1/MATLAB/R2021b/ARDUIN~1/ARDUIN~3/FASTER~1\libcore.a(CDC.o)
 .text._ZN7Serial_12getShortNameEPc
                0x000044e0       0x44 C:/Users/eahil/DOCUME~1/MATLAB/R2021b/ARDUIN~1/ARDUIN~3/FASTER~1\libcore.a(CDC.o)
                0x000044e0                Serial_::getShortName(char*)
 .text._ZThn16_N7Serial_12getShortNameEPc
                0x00004524       0x10 C:/Users/eahil/DOCUME~1/MATLAB/R2021b/ARDUIN~1/ARDUIN~3/FASTER~1\libcore.a(CDC.o)
                0x00004524                non-virtual thunk to Serial_::getShortName(char*)
 .text._ZN7Serial_14handleEndpointEi
                0x00004534        0x2 C:/Users/eahil/DOCUME~1/MATLAB/R2021b/ARDUIN~1/ARDUIN~3/FASTER~1\libcore.a(CDC.o)
                0x00004534                Serial_::handleEndpoint(int)
 *fill*         0x00004536        0x2 
 .text._ZThn16_N7Serial_14handleEndpointEi
                0x00004538       0x10 C:/Users/eahil/DOCUME~1/MATLAB/R2021b/ARDUIN~1/ARDUIN~3/FASTER~1\libcore.a(CDC.o)
                0x00004538                non-virtual thunk to Serial_::handleEndpoint(int)
 .text._ZN7Serial_17availableForWriteEv
                0x00004548        0x4 C:/Users/eahil/DOCUME~1/MATLAB/R2021b/ARDUIN~1/ARDUIN~3/FASTER~1\libcore.a(CDC.o)
                0x00004548                Serial_::availableForWrite()
 .text._ZN7Serial_5writeEh
                0x0000454c       0x14 C:/Users/eahil/DOCUME~1/MATLAB/R2021b/ARDUIN~1/ARDUIN~3/FASTER~1\libcore.a(CDC.o)
                0x0000454c                Serial_::write(unsigned char)
 .text._ZN7Serial_12getInterfaceEPh
                0x00004560      0x104 C:/Users/eahil/DOCUME~1/MATLAB/R2021b/ARDUIN~1/ARDUIN~3/FASTER~1\libcore.a(CDC.o)
                0x00004560                Serial_::getInterface(unsigned char*)
 .text._ZThn16_N7Serial_12getInterfaceEPh
                0x00004664       0x10 C:/Users/eahil/DOCUME~1/MATLAB/R2021b/ARDUIN~1/ARDUIN~3/FASTER~1\libcore.a(CDC.o)
                0x00004664                non-virtual thunk to Serial_::getInterface(unsigned char*)
 .text._ZN7Serial_5setupER8USBSetup
                0x00004674       0x98 C:/Users/eahil/DOCUME~1/MATLAB/R2021b/ARDUIN~1/ARDUIN~3/FASTER~1\libcore.a(CDC.o)
                0x00004674                Serial_::setup(USBSetup&)
 .text._ZThn16_N7Serial_5setupER8USBSetup
                0x0000470c       0x10 C:/Users/eahil/DOCUME~1/MATLAB/R2021b/ARDUIN~1/ARDUIN~3/FASTER~1\libcore.a(CDC.o)
                0x0000470c                non-virtual thunk to Serial_::setup(USBSetup&)
 .text._ZN7Serial_9availableEv
                0x0000471c       0x20 C:/Users/eahil/DOCUME~1/MATLAB/R2021b/ARDUIN~1/ARDUIN~3/FASTER~1\libcore.a(CDC.o)
                0x0000471c                Serial_::available()
 .text._ZN7Serial_5flushEv
                0x0000473c       0x10 C:/Users/eahil/DOCUME~1/MATLAB/R2021b/ARDUIN~1/ARDUIN~3/FASTER~1\libcore.a(CDC.o)
                0x0000473c                Serial_::flush()
 .text._ZN7Serial_5clearEv
                0x0000474c       0x10 C:/Users/eahil/DOCUME~1/MATLAB/R2021b/ARDUIN~1/ARDUIN~3/FASTER~1\libcore.a(CDC.o)
                0x0000474c                Serial_::clear()
 .text._ZN7Serial_5writeEPKhj
                0x0000475c       0x1e C:/Users/eahil/DOCUME~1/MATLAB/R2021b/ARDUIN~1/ARDUIN~3/FASTER~1\libcore.a(CDC.o)
                0x0000475c                Serial_::write(unsigned char const*, unsigned int)
 *fill*         0x0000477a        0x2 
 .text._ZN7Serial_4peekEv
                0x0000477c       0x1c C:/Users/eahil/DOCUME~1/MATLAB/R2021b/ARDUIN~1/ARDUIN~3/FASTER~1\libcore.a(CDC.o)
                0x0000477c                Serial_::peek()
 .text._ZN7Serial_4readEv
                0x00004798       0x24 C:/Users/eahil/DOCUME~1/MATLAB/R2021b/ARDUIN~1/ARDUIN~3/FASTER~1\libcore.a(CDC.o)
                0x00004798                Serial_::read()
 .text._ZN7Serial_C2ER14USBDeviceClass
                0x000047bc       0x4c C:/Users/eahil/DOCUME~1/MATLAB/R2021b/ARDUIN~1/ARDUIN~3/FASTER~1\libcore.a(CDC.o)
                0x000047bc                Serial_::Serial_(USBDeviceClass&)
                0x000047bc                Serial_::Serial_(USBDeviceClass&)
 .text._ZN7Serial_15enableInterruptEv
                0x00004808       0x30 C:/Users/eahil/DOCUME~1/MATLAB/R2021b/ARDUIN~1/ARDUIN~3/FASTER~1\libcore.a(CDC.o)
                0x00004808                Serial_::enableInterrupt()
 .text._ZN7Serial_5beginEm
                0x00004838        0x2 C:/Users/eahil/DOCUME~1/MATLAB/R2021b/ARDUIN~1/ARDUIN~3/FASTER~1\libcore.a(CDC.o)
                0x00004838                Serial_::begin(unsigned long)
 *fill*         0x0000483a        0x2 
 .text.startup._GLOBAL__sub_I__ZN7Serial_12getInterfaceEPh
                0x0000483c       0x14 C:/Users/eahil/DOCUME~1/MATLAB/R2021b/ARDUIN~1/ARDUIN~3/FASTER~1\libcore.a(CDC.o)
 .text._ZN13PluggableUSB_12getInterfaceEPh
                0x00004850       0x2a C:/Users/eahil/DOCUME~1/MATLAB/R2021b/ARDUIN~1/ARDUIN~3/FASTER~1\libcore.a(PluggableUSB.o)
                0x00004850                PluggableUSB_::getInterface(unsigned char*)
 .text._ZN13PluggableUSB_13getDescriptorER8USBSetup
                0x0000487a       0x20 C:/Users/eahil/DOCUME~1/MATLAB/R2021b/ARDUIN~1/ARDUIN~3/FASTER~1\libcore.a(PluggableUSB.o)
                0x0000487a                PluggableUSB_::getDescriptor(USBSetup&)
 .text._ZN13PluggableUSB_12getShortNameEPc
                0x0000489a       0x26 C:/Users/eahil/DOCUME~1/MATLAB/R2021b/ARDUIN~1/ARDUIN~3/FASTER~1\libcore.a(PluggableUSB.o)
                0x0000489a                PluggableUSB_::getShortName(char*)
 .text._ZN13PluggableUSB_5setupER8USBSetup
                0x000048c0       0x24 C:/Users/eahil/DOCUME~1/MATLAB/R2021b/ARDUIN~1/ARDUIN~3/FASTER~1\libcore.a(PluggableUSB.o)
                0x000048c0                PluggableUSB_::setup(USBSetup&)
 .text._ZN13PluggableUSB_14handleEndpointEi
                0x000048e4       0x1a C:/Users/eahil/DOCUME~1/MATLAB/R2021b/ARDUIN~1/ARDUIN~3/FASTER~1\libcore.a(PluggableUSB.o)
                0x000048e4                PluggableUSB_::handleEndpoint(int)
 *fill*         0x000048fe        0x2 
 .text._ZN13PluggableUSB_4plugEP18PluggableUSBModule
                0x00004900       0x60 C:/Users/eahil/DOCUME~1/MATLAB/R2021b/ARDUIN~1/ARDUIN~3/FASTER~1\libcore.a(PluggableUSB.o)
                0x00004900                PluggableUSB_::plug(PluggableUSBModule*)
 .text._Z12PluggableUSBv
                0x00004960       0x20 C:/Users/eahil/DOCUME~1/MATLAB/R2021b/ARDUIN~1/ARDUIN~3/FASTER~1\libcore.a(PluggableUSB.o)
                0x00004960                PluggableUSB()
 .text._ZN26DoubleBufferedEPOutHandlerD2Ev
                0x00004980        0xc C:/Users/eahil/DOCUME~1/MATLAB/R2021b/ARDUIN~1/ARDUIN~3/FASTER~1\libcore.a(USBCore.o)
                0x00004980                DoubleBufferedEPOutHandler::~DoubleBufferedEPOutHandler()
                0x00004980                DoubleBufferedEPOutHandler::~DoubleBufferedEPOutHandler()
 .text._ZN26DoubleBufferedEPOutHandlerD0Ev
                0x0000498c       0x14 C:/Users/eahil/DOCUME~1/MATLAB/R2021b/ARDUIN~1/ARDUIN~3/FASTER~1\libcore.a(USBCore.o)
                0x0000498c                DoubleBufferedEPOutHandler::~DoubleBufferedEPOutHandler()
 .text._ZN14USBDeviceClass6initEPEmm.part.7
                0x000049a0       0xbc C:/Users/eahil/DOCUME~1/MATLAB/R2021b/ARDUIN~1/ARDUIN~3/FASTER~1\libcore.a(USBCore.o)
 .text._ZN7__GuardC2Ev
                0x00004a5c        0xe C:/Users/eahil/DOCUME~1/MATLAB/R2021b/ARDUIN~1/ARDUIN~3/FASTER~1\libcore.a(USBCore.o)
                0x00004a5c                __Guard::__Guard()
                0x00004a5c                __Guard::__Guard()
 .text._ZN7__GuardD2Ev
                0x00004a6a        0xe C:/Users/eahil/DOCUME~1/MATLAB/R2021b/ARDUIN~1/ARDUIN~3/FASTER~1\libcore.a(USBCore.o)
                0x00004a6a                __Guard::~__Guard()
                0x00004a6a                __Guard::~__Guard()
 .text._ZNK26DoubleBufferedEPOutHandler10_availableEv
                0x00004a78       0x72 C:/Users/eahil/DOCUME~1/MATLAB/R2021b/ARDUIN~1/ARDUIN~3/FASTER~1\libcore.a(USBCore.o)
                0x00004a78                DoubleBufferedEPOutHandler::_available() const
 *fill*         0x00004aea        0x2 
 .text._ZN26DoubleBufferedEPOutHandler7releaseEv
                0x00004aec       0x38 C:/Users/eahil/DOCUME~1/MATLAB/R2021b/ARDUIN~1/ARDUIN~3/FASTER~1\libcore.a(USBCore.o)
                0x00004aec                DoubleBufferedEPOutHandler::release()
 .text._ZN26DoubleBufferedEPOutHandler14handleEndpointEv
                0x00004b24       0xe4 C:/Users/eahil/DOCUME~1/MATLAB/R2021b/ARDUIN~1/ARDUIN~3/FASTER~1\libcore.a(USBCore.o)
                0x00004b24                DoubleBufferedEPOutHandler::handleEndpoint()
 .text._ZN26DoubleBufferedEPOutHandler5_recvEv
                0x00004c08      0x18e C:/Users/eahil/DOCUME~1/MATLAB/R2021b/ARDUIN~1/ARDUIN~3/FASTER~1\libcore.a(USBCore.o)
                0x00004c08                DoubleBufferedEPOutHandler::_recv()
 .text._ZN26DoubleBufferedEPOutHandler9availableEv
                0x00004d96       0x18 C:/Users/eahil/DOCUME~1/MATLAB/R2021b/ARDUIN~1/ARDUIN~3/FASTER~1\libcore.a(USBCore.o)
                0x00004d96                DoubleBufferedEPOutHandler::available()
 .text._ZN26DoubleBufferedEPOutHandler4peekEv
                0x00004dae       0x22 C:/Users/eahil/DOCUME~1/MATLAB/R2021b/ARDUIN~1/ARDUIN~3/FASTER~1\libcore.a(USBCore.o)
                0x00004dae                DoubleBufferedEPOutHandler::peek()
 .text._ZN26DoubleBufferedEPOutHandler4recvEPvm
                0x00004dd0       0x66 C:/Users/eahil/DOCUME~1/MATLAB/R2021b/ARDUIN~1/ARDUIN~3/FASTER~1\libcore.a(USBCore.o)
                0x00004dd0                DoubleBufferedEPOutHandler::recv(void*, unsigned long)
 .text._ZN14USBDeviceClass14SendInterfacesEPm
                0x00004e36       0x20 C:/Users/eahil/DOCUME~1/MATLAB/R2021b/ARDUIN~1/ARDUIN~3/FASTER~1\libcore.a(USBCore.o)
                0x00004e36                USBDeviceClass::SendInterfaces(unsigned long*)
 *fill*         0x00004e56        0x2 
 .text._ZN14USBDeviceClass4initEv
                0x00004e58      0x144 C:/Users/eahil/DOCUME~1/MATLAB/R2021b/ARDUIN~1/ARDUIN~3/FASTER~1\libcore.a(USBCore.o)
                0x00004e58                USBDeviceClass::init()
 .text._ZN14USBDeviceClass6attachEv
                0x00004f9c       0x34 C:/Users/eahil/DOCUME~1/MATLAB/R2021b/ARDUIN~1/ARDUIN~3/FASTER~1\libcore.a(USBCore.o)
                0x00004f9c                USBDeviceClass::attach()
 .text._ZN14USBDeviceClass10setAddressEm
                0x00004fd0       0x48 C:/Users/eahil/DOCUME~1/MATLAB/R2021b/ARDUIN~1/ARDUIN~3/FASTER~1\libcore.a(USBCore.o)
                0x00004fd0                USBDeviceClass::setAddress(unsigned long)
 .text._ZN14USBDeviceClass25handleClassInterfaceSetupER8USBSetup
                0x00005018       0x24 C:/Users/eahil/DOCUME~1/MATLAB/R2021b/ARDUIN~1/ARDUIN~3/FASTER~1\libcore.a(USBCore.o)
                0x00005018                USBDeviceClass::handleClassInterfaceSetup(USBSetup&)
 .text._ZN14USBDeviceClass6initEPEmm
                0x0000503c      0x124 C:/Users/eahil/DOCUME~1/MATLAB/R2021b/ARDUIN~1/ARDUIN~3/FASTER~1\libcore.a(USBCore.o)
                0x0000503c                USBDeviceClass::initEP(unsigned long, unsigned long)
 .text._ZN14USBDeviceClass13initEndpointsEv
                0x00005160       0x24 C:/Users/eahil/DOCUME~1/MATLAB/R2021b/ARDUIN~1/ARDUIN~3/FASTER~1\libcore.a(USBCore.o)
                0x00005160                USBDeviceClass::initEndpoints()
 .text._ZN14USBDeviceClass5clearEm
                0x00005184       0x38 C:/Users/eahil/DOCUME~1/MATLAB/R2021b/ARDUIN~1/ARDUIN~3/FASTER~1\libcore.a(USBCore.o)
                0x00005184                USBDeviceClass::clear(unsigned long)
 .text._ZN14USBDeviceClass9availableEm
                0x000051bc       0x2c C:/Users/eahil/DOCUME~1/MATLAB/R2021b/ARDUIN~1/ARDUIN~3/FASTER~1\libcore.a(USBCore.o)
                0x000051bc                USBDeviceClass::available(unsigned long)
 .text._ZN14USBDeviceClass5flushEm
                0x000051e8       0x2c C:/Users/eahil/DOCUME~1/MATLAB/R2021b/ARDUIN~1/ARDUIN~3/FASTER~1\libcore.a(USBCore.o)
                0x000051e8                USBDeviceClass::flush(unsigned long)
 .text._ZN14USBDeviceClass4recvEmPvm
                0x00005214       0xc4 C:/Users/eahil/DOCUME~1/MATLAB/R2021b/ARDUIN~1/ARDUIN~3/FASTER~1\libcore.a(USBCore.o)
                0x00005214                USBDeviceClass::recv(unsigned long, void*, unsigned long)
 .text._ZN14USBDeviceClass4recvEm
                0x000052d8       0x1c C:/Users/eahil/DOCUME~1/MATLAB/R2021b/ARDUIN~1/ARDUIN~3/FASTER~1\libcore.a(USBCore.o)
                0x000052d8                USBDeviceClass::recv(unsigned long)
 .text._ZN14USBDeviceClass14armRecvCtrlOUTEm
                0x000052f4       0x60 C:/Users/eahil/DOCUME~1/MATLAB/R2021b/ARDUIN~1/ARDUIN~3/FASTER~1\libcore.a(USBCore.o)
                0x000052f4                USBDeviceClass::armRecvCtrlOUT(unsigned long)
 .text._ZN14USBDeviceClass11recvControlEPvm
                0x00005354       0x28 C:/Users/eahil/DOCUME~1/MATLAB/R2021b/ARDUIN~1/ARDUIN~3/FASTER~1\libcore.a(USBCore.o)
                0x00005354                USBDeviceClass::recvControl(void*, unsigned long)
 .text._ZN14USBDeviceClass4sendEmPKvm
                0x0000537c      0x11c C:/Users/eahil/DOCUME~1/MATLAB/R2021b/ARDUIN~1/ARDUIN~3/FASTER~1\libcore.a(USBCore.o)
                0x0000537c                USBDeviceClass::send(unsigned long, void const*, unsigned long)
 .text._ZN14USBDeviceClass7armSendEmPKvm
                0x00005498       0x48 C:/Users/eahil/DOCUME~1/MATLAB/R2021b/ARDUIN~1/ARDUIN~3/FASTER~1\libcore.a(USBCore.o)
                0x00005498                USBDeviceClass::armSend(unsigned long, void const*, unsigned long)
 .text._ZN14USBDeviceClass11sendControlEPKvm
                0x000054e0       0x58 C:/Users/eahil/DOCUME~1/MATLAB/R2021b/ARDUIN~1/ARDUIN~3/FASTER~1\libcore.a(USBCore.o)
                0x000054e0                USBDeviceClass::sendControl(void const*, unsigned long)
 .text._ZN14USBDeviceClass20sendStringDescriptorEPKhm
                0x00005538       0x68 C:/Users/eahil/DOCUME~1/MATLAB/R2021b/ARDUIN~1/ARDUIN~3/FASTER~1\libcore.a(USBCore.o)
                0x00005538                USBDeviceClass::sendStringDescriptor(unsigned char const*, unsigned long)
 .text._ZN14USBDeviceClass12packMessagesEb.part.6
                0x000055a0       0x20 C:/Users/eahil/DOCUME~1/MATLAB/R2021b/ARDUIN~1/ARDUIN~3/FASTER~1\libcore.a(USBCore.o)
 .text._ZN14USBDeviceClass17sendConfigurationEm
                0x000055c0       0x90 C:/Users/eahil/DOCUME~1/MATLAB/R2021b/ARDUIN~1/ARDUIN~3/FASTER~1\libcore.a(USBCore.o)
                0x000055c0                USBDeviceClass::sendConfiguration(unsigned long)
 .text._ZN14USBDeviceClass14sendDescriptorER8USBSetup
                0x00005650       0xec C:/Users/eahil/DOCUME~1/MATLAB/R2021b/ARDUIN~1/ARDUIN~3/FASTER~1\libcore.a(USBCore.o)
                0x00005650                USBDeviceClass::sendDescriptor(USBSetup&)
 .text._ZN14USBDeviceClass7sendZlpEm
                0x0000573c       0x18 C:/Users/eahil/DOCUME~1/MATLAB/R2021b/ARDUIN~1/ARDUIN~3/FASTER~1\libcore.a(USBCore.o)
                0x0000573c                USBDeviceClass::sendZlp(unsigned long)
 .text._ZN14USBDeviceClass19handleStandardSetupER8USBSetup
                0x00005754       0xfc C:/Users/eahil/DOCUME~1/MATLAB/R2021b/ARDUIN~1/ARDUIN~3/FASTER~1\libcore.a(USBCore.o)
                0x00005754                USBDeviceClass::handleStandardSetup(USBSetup&)
 .text._ZN14USBDeviceClass10ISRHandlerEv
                0x00005850      0x10c C:/Users/eahil/DOCUME~1/MATLAB/R2021b/ARDUIN~1/ARDUIN~3/FASTER~1\libcore.a(USBCore.o)
                0x00005850                USBDeviceClass::ISRHandler()
 .text.UDD_Handler
                0x0000595c       0x10 C:/Users/eahil/DOCUME~1/MATLAB/R2021b/ARDUIN~1/ARDUIN~3/FASTER~1\libcore.a(USBCore.o)
                0x0000595c                UDD_Handler
 .text.startup._GLOBAL__sub_I_usbd
                0x0000596c       0x10 C:/Users/eahil/DOCUME~1/MATLAB/R2021b/ARDUIN~1/ARDUIN~3/FASTER~1\libcore.a(USBCore.o)
 .text.SERCOM5_Handler
                0x0000597c       0x10 C:/Users/eahil/DOCUME~1/MATLAB/R2021b/ARDUIN~1/ARDUIN~3/FASTER~1\libcore.a(variant.o)
                0x0000597c                SERCOM5_Handler
 .text.SERCOM3_Handler
                0x0000598c       0x10 C:/Users/eahil/DOCUME~1/MATLAB/R2021b/ARDUIN~1/ARDUIN~3/FASTER~1\libcore.a(variant.o)
                0x0000598c                SERCOM3_Handler
 .text.SERCOM2_Handler
                0x0000599c       0x10 C:/Users/eahil/DOCUME~1/MATLAB/R2021b/ARDUIN~1/ARDUIN~3/FASTER~1\libcore.a(variant.o)
                0x0000599c                SERCOM2_Handler
 .text.startup._GLOBAL__sub_I_g_APinDescription
                0x000059ac       0xbc C:/Users/eahil/DOCUME~1/MATLAB/R2021b/ARDUIN~1/ARDUIN~3/FASTER~1\libcore.a(variant.o)
 .text._Znwj    0x00005a68        0x8 C:/Users/eahil/DOCUME~1/MATLAB/R2021b/ARDUIN~1/ARDUIN~3/FASTER~1\libcore.a(new.o)
                0x00005a68                operator new(unsigned int)
 .text._ZdlPv   0x00005a70        0x8 C:/Users/eahil/DOCUME~1/MATLAB/R2021b/ARDUIN~1/ARDUIN~3/FASTER~1\libcore.a(new.o)
                0x00005a70                operator delete(void*)
 .text._ZN5Print5writeEPKhj
                0x00005a78       0x28 C:/Users/eahil/DOCUME~1/MATLAB/R2021b/ARDUIN~1/ARDUIN~3/FASTER~1\libcore.a(Print.o)
                0x00005a78                Print::write(unsigned char const*, unsigned int)
 .text._ZN6SERCOMC2EP6Sercom
                0x00005aa0        0x4 C:/Users/eahil/DOCUME~1/MATLAB/R2021b/ARDUIN~1/ARDUIN~3/FASTER~1\libcore.a(SERCOM.o)
                0x00005aa0                SERCOM::SERCOM(Sercom*)
                0x00005aa0                SERCOM::SERCOM(Sercom*)
 .text._ZN6SERCOM9initFrameE18SercomUartCharSize15SercomDataOrder16SercomParityMode19SercomNumberStopBit
                0x00005aa4       0x38 C:/Users/eahil/DOCUME~1/MATLAB/R2021b/ARDUIN~1/ARDUIN~3/FASTER~1\libcore.a(SERCOM.o)
                0x00005aa4                SERCOM::initFrame(SercomUartCharSize, SercomDataOrder, SercomParityMode, SercomNumberStopBit)
 .text._ZN6SERCOM8initPadsE15SercomUartTXPad11SercomRXPad
                0x00005adc       0x26 C:/Users/eahil/DOCUME~1/MATLAB/R2021b/ARDUIN~1/ARDUIN~3/FASTER~1\libcore.a(SERCOM.o)
                0x00005adc                SERCOM::initPads(SercomUartTXPad, SercomRXPad)
 .text._ZN6SERCOM9resetUARTEv
                0x00005b02       0x1c C:/Users/eahil/DOCUME~1/MATLAB/R2021b/ARDUIN~1/ARDUIN~3/FASTER~1\libcore.a(SERCOM.o)
                0x00005b02                SERCOM::resetUART()
 .text._ZN6SERCOM10enableUARTEv
                0x00005b1e       0x14 C:/Users/eahil/DOCUME~1/MATLAB/R2021b/ARDUIN~1/ARDUIN~3/FASTER~1\libcore.a(SERCOM.o)
                0x00005b1e                SERCOM::enableUART()
 .text._ZN6SERCOM9flushUARTEv
                0x00005b32       0x10 C:/Users/eahil/DOCUME~1/MATLAB/R2021b/ARDUIN~1/ARDUIN~3/FASTER~1\libcore.a(SERCOM.o)
                0x00005b32                SERCOM::flushUART()
 .text._ZN6SERCOM15clearStatusUARTEv
                0x00005b42        0x8 C:/Users/eahil/DOCUME~1/MATLAB/R2021b/ARDUIN~1/ARDUIN~3/FASTER~1\libcore.a(SERCOM.o)
                0x00005b42                SERCOM::clearStatusUART()
 .text._ZN6SERCOM17availableDataUARTEv
                0x00005b4a        0xa C:/Users/eahil/DOCUME~1/MATLAB/R2021b/ARDUIN~1/ARDUIN~3/FASTER~1\libcore.a(SERCOM.o)
                0x00005b4a                SERCOM::availableDataUART()
 .text._ZN6SERCOM11isUARTErrorEv
                0x00005b54        0x8 C:/Users/eahil/DOCUME~1/MATLAB/R2021b/ARDUIN~1/ARDUIN~3/FASTER~1\libcore.a(SERCOM.o)
                0x00005b54                SERCOM::isUARTError()
 .text._ZN6SERCOM20acknowledgeUARTErrorEv
                0x00005b5c        0xe C:/Users/eahil/DOCUME~1/MATLAB/R2021b/ARDUIN~1/ARDUIN~3/FASTER~1\libcore.a(SERCOM.o)
                0x00005b5c                SERCOM::acknowledgeUARTError()
 .text._ZN6SERCOM16isFrameErrorUARTEv
                0x00005b6a        0xa C:/Users/eahil/DOCUME~1/MATLAB/R2021b/ARDUIN~1/ARDUIN~3/FASTER~1\libcore.a(SERCOM.o)
                0x00005b6a                SERCOM::isFrameErrorUART()
 .text._ZN6SERCOM19clearFrameErrorUARTEv
                0x00005b74        0xc C:/Users/eahil/DOCUME~1/MATLAB/R2021b/ARDUIN~1/ARDUIN~3/FASTER~1\libcore.a(SERCOM.o)
                0x00005b74                SERCOM::clearFrameErrorUART()
 .text._ZN6SERCOM23isDataRegisterEmptyUARTEv
                0x00005b80        0xa C:/Users/eahil/DOCUME~1/MATLAB/R2021b/ARDUIN~1/ARDUIN~3/FASTER~1\libcore.a(SERCOM.o)
                0x00005b80                SERCOM::isDataRegisterEmptyUART()
 .text._ZN6SERCOM12readDataUARTEv
                0x00005b8a        0x8 C:/Users/eahil/DOCUME~1/MATLAB/R2021b/ARDUIN~1/ARDUIN~3/FASTER~1\libcore.a(SERCOM.o)
                0x00005b8a                SERCOM::readDataUART()
 .text._ZN6SERCOM13writeDataUARTEh
                0x00005b92        0xe C:/Users/eahil/DOCUME~1/MATLAB/R2021b/ARDUIN~1/ARDUIN~3/FASTER~1\libcore.a(SERCOM.o)
                0x00005b92                SERCOM::writeDataUART(unsigned char)
 .text._ZN6SERCOM36enableDataRegisterEmptyInterruptUARTEv
                0x00005ba0        0x8 C:/Users/eahil/DOCUME~1/MATLAB/R2021b/ARDUIN~1/ARDUIN~3/FASTER~1\libcore.a(SERCOM.o)
                0x00005ba0                SERCOM::enableDataRegisterEmptyInterruptUART()
 .text._ZN6SERCOM37disableDataRegisterEmptyInterruptUARTEv
                0x00005ba8        0x8 C:/Users/eahil/DOCUME~1/MATLAB/R2021b/ARDUIN~1/ARDUIN~3/FASTER~1\libcore.a(SERCOM.o)
                0x00005ba8                SERCOM::disableDataRegisterEmptyInterruptUART()
 .text._ZN6SERCOM13initClockNVICEv
                0x00005bb0       0xac C:/Users/eahil/DOCUME~1/MATLAB/R2021b/ARDUIN~1/ARDUIN~3/FASTER~1\libcore.a(SERCOM.o)
                0x00005bb0                SERCOM::initClockNVIC()
 .text._ZN6SERCOM8initUARTE14SercomUartMode20SercomUartSampleRatem
                0x00005c5c       0x6c C:/Users/eahil/DOCUME~1/MATLAB/R2021b/ARDUIN~1/ARDUIN~3/FASTER~1\libcore.a(SERCOM.o)
                0x00005c5c                SERCOM::initUART(SercomUartMode, SercomUartSampleRate, unsigned long)
 .text          0x00005cc8       0x14 c:/programdata/matlab/supportpackages/r2021b/aide/tools/arm-none-eabi-gcc/4.8.3-2014q1/bin/../lib/gcc/arm-none-eabi/4.8.3/armv6-m\libgcc.a(_thumb1_case_uqi.o)
                0x00005cc8                __gnu_thumb1_case_uqi
 .text          0x00005cdc       0x9c c:/programdata/matlab/supportpackages/r2021b/aide/tools/arm-none-eabi-gcc/4.8.3-2014q1/bin/../lib/gcc/arm-none-eabi/4.8.3/armv6-m\libgcc.a(_udivsi3.o)
                0x00005cdc                __aeabi_uidiv
                0x00005cdc                __udivsi3
                0x00005d64                __aeabi_uidivmod
 .text          0x00005d78       0xc0 c:/programdata/matlab/supportpackages/r2021b/aide/tools/arm-none-eabi-gcc/4.8.3-2014q1/bin/../lib/gcc/arm-none-eabi/4.8.3/armv6-m\libgcc.a(_divsi3.o)
                0x00005d78                __divsi3
                0x00005d78                __aeabi_idiv
                0x00005e24                __aeabi_idivmod
 .text          0x00005e38        0x4 c:/programdata/matlab/supportpackages/r2021b/aide/tools/arm-none-eabi-gcc/4.8.3-2014q1/bin/../lib/gcc/arm-none-eabi/4.8.3/armv6-m\libgcc.a(_dvmd_tls.o)
                0x00005e38                __aeabi_idiv0
                0x00005e38                __aeabi_ldiv0
 .text          0x00005e3c       0x7c c:/programdata/matlab/supportpackages/r2021b/aide/tools/arm-none-eabi-gcc/4.8.3-2014q1/bin/../lib/gcc/arm-none-eabi/4.8.3/armv6-m\libgcc.a(_arm_cmpdf2.o)
                0x00005e3c                __aeabi_cdrcmple
                0x00005e4c                __aeabi_cdcmple
                0x00005e4c                __aeabi_cdcmpeq
                0x00005e5c                __aeabi_dcmpeq
                0x00005e68                __aeabi_dcmplt
                0x00005e7c                __aeabi_dcmple
                0x00005e90                __aeabi_dcmpgt
                0x00005ea4                __aeabi_dcmpge
 .text          0x00005eb8       0x40 c:/programdata/matlab/supportpackages/r2021b/aide/tools/arm-none-eabi-gcc/4.8.3-2014q1/bin/../lib/gcc/arm-none-eabi/4.8.3/armv6-m\libgcc.a(_fixunsdfsi.o)
                0x00005eb8                __aeabi_d2uiz
                0x00005eb8                __fixunsdfsi
 .text          0x00005ef8      0x638 c:/programdata/matlab/supportpackages/r2021b/aide/tools/arm-none-eabi-gcc/4.8.3-2014q1/bin/../lib/gcc/arm-none-eabi/4.8.3/armv6-m\libgcc.a(adddf3.o)
                0x00005ef8                __aeabi_dadd
 .text          0x00006530      0x648 c:/programdata/matlab/supportpackages/r2021b/aide/tools/arm-none-eabi-gcc/4.8.3-2014q1/bin/../lib/gcc/arm-none-eabi/4.8.3/armv6-m\libgcc.a(divdf3.o)
                0x00006530                __aeabi_ddiv
 .text          0x00006b78       0x94 c:/programdata/matlab/supportpackages/r2021b/aide/tools/arm-none-eabi-gcc/4.8.3-2014q1/bin/../lib/gcc/arm-none-eabi/4.8.3/armv6-m\libgcc.a(eqdf2.o)
                0x00006b78                __nedf2
                0x00006b78                __eqdf2
 .text          0x00006c0c       0xfc c:/programdata/matlab/supportpackages/r2021b/aide/tools/arm-none-eabi-gcc/4.8.3-2014q1/bin/../lib/gcc/arm-none-eabi/4.8.3/armv6-m\libgcc.a(gedf2.o)
                0x00006c0c                __gedf2
                0x00006c0c                __gtdf2
 .text          0x00006d08       0xfc c:/programdata/matlab/supportpackages/r2021b/aide/tools/arm-none-eabi-gcc/4.8.3-2014q1/bin/../lib/gcc/arm-none-eabi/4.8.3/armv6-m\libgcc.a(ledf2.o)
                0x00006d08                __ledf2
                0x00006d08                __ltdf2
 .text          0x00006e04      0x520 c:/programdata/matlab/supportpackages/r2021b/aide/tools/arm-none-eabi-gcc/4.8.3-2014q1/bin/../lib/gcc/arm-none-eabi/4.8.3/armv6-m\libgcc.a(muldf3.o)
                0x00006e04                __aeabi_dmul
 .text          0x00007324      0x654 c:/programdata/matlab/supportpackages/r2021b/aide/tools/arm-none-eabi-gcc/4.8.3-2014q1/bin/../lib/gcc/arm-none-eabi/4.8.3/armv6-m\libgcc.a(subdf3.o)
                0x00007324                __aeabi_dsub
 .text          0x00007978       0x68 c:/programdata/matlab/supportpackages/r2021b/aide/tools/arm-none-eabi-gcc/4.8.3-2014q1/bin/../lib/gcc/arm-none-eabi/4.8.3/armv6-m\libgcc.a(fixdfsi.o)
                0x00007978                __aeabi_d2iz
 .text          0x000079e0       0x7c c:/programdata/matlab/supportpackages/r2021b/aide/tools/arm-none-eabi-gcc/4.8.3-2014q1/bin/../lib/gcc/arm-none-eabi/4.8.3/armv6-m\libgcc.a(floatsidf.o)
                0x000079e0                __aeabi_i2d
 .text          0x00007a5c       0x3c c:/programdata/matlab/supportpackages/r2021b/aide/tools/arm-none-eabi-gcc/4.8.3-2014q1/bin/../lib/gcc/arm-none-eabi/4.8.3/armv6-m\libgcc.a(_clzsi2.o)
                0x00007a5c                __clzsi2
 .text.__libc_init_array
                0x00007a98       0x4c c:/programdata/matlab/supportpackages/r2021b/aide/tools/arm-none-eabi-gcc/4.8.3-2014q1/bin/../lib/gcc/arm-none-eabi/4.8.3/../../../../arm-none-eabi/lib/armv6-m\libg_s.a(lib_a-init.o)
                0x00007a98                __libc_init_array
 .text.malloc   0x00007ae4       0x14 c:/programdata/matlab/supportpackages/r2021b/aide/tools/arm-none-eabi-gcc/4.8.3-2014q1/bin/../lib/gcc/arm-none-eabi/4.8.3/../../../../arm-none-eabi/lib/armv6-m\libg_s.a(lib_a-malloc.o)
                0x00007ae4                malloc
 .text.free     0x00007af8       0x14 c:/programdata/matlab/supportpackages/r2021b/aide/tools/arm-none-eabi-gcc/4.8.3-2014q1/bin/../lib/gcc/arm-none-eabi/4.8.3/../../../../arm-none-eabi/lib/armv6-m\libg_s.a(lib_a-malloc.o)
                0x00007af8                free
 .text.memcpy   0x00007b0c       0x12 c:/programdata/matlab/supportpackages/r2021b/aide/tools/arm-none-eabi-gcc/4.8.3-2014q1/bin/../lib/gcc/arm-none-eabi/4.8.3/../../../../arm-none-eabi/lib/armv6-m\libg_s.a(lib_a-memcpy-stub.o)
                0x00007b0c                memcpy
 .text.memset   0x00007b1e       0x10 c:/programdata/matlab/supportpackages/r2021b/aide/tools/arm-none-eabi-gcc/4.8.3-2014q1/bin/../lib/gcc/arm-none-eabi/4.8.3/../../../../arm-none-eabi/lib/armv6-m\libg_s.a(lib_a-memset.o)
                0x00007b1e                memset
 *fill*         0x00007b2e        0x2 
 .text._free_r  0x00007b30       0x90 c:/programdata/matlab/supportpackages/r2021b/aide/tools/arm-none-eabi-gcc/4.8.3-2014q1/bin/../lib/gcc/arm-none-eabi/4.8.3/../../../../arm-none-eabi/lib/armv6-m\libg_s.a(lib_a-nano-freer.o)
                0x00007b30                _free_r
 .text._malloc_r
                0x00007bc0       0xa8 c:/programdata/matlab/supportpackages/r2021b/aide/tools/arm-none-eabi-gcc/4.8.3-2014q1/bin/../lib/gcc/arm-none-eabi/4.8.3/../../../../arm-none-eabi/lib/armv6-m\libg_s.a(lib_a-nano-mallocr.o)
                0x00007bc0                _malloc_r
 .text._sbrk_r  0x00007c68       0x24 c:/programdata/matlab/supportpackages/r2021b/aide/tools/arm-none-eabi-gcc/4.8.3-2014q1/bin/../lib/gcc/arm-none-eabi/4.8.3/../../../../arm-none-eabi/lib/armv6-m\libg_s.a(lib_a-sbrkr.o)
                0x00007c68                _sbrk_r
 .text.strlen   0x00007c8c        0xe c:/programdata/matlab/supportpackages/r2021b/aide/tools/arm-none-eabi-gcc/4.8.3-2014q1/bin/../lib/gcc/arm-none-eabi/4.8.3/../../../../arm-none-eabi/lib/armv6-m\libg_s.a(lib_a-strlen.o)
                0x00007c8c                strlen
 *fill*         0x00007c9a        0x2 
 .text._sbrk    0x00007c9c       0x34 c:/programdata/matlab/supportpackages/r2021b/aide/tools/arm-none-eabi-gcc/4.8.3-2014q1/bin/../lib/gcc/arm-none-eabi/4.8.3/../../../../arm-none-eabi/lib/armv6-m\libnosys.a(sbrk.o)
                0x00007c9c                _sbrk
 *(.init)
 .init          0x00007cd0        0x4 c:/programdata/matlab/supportpackages/r2021b/aide/tools/arm-none-eabi-gcc/4.8.3-2014q1/bin/../lib/gcc/arm-none-eabi/4.8.3/armv6-m/crti.o
                0x00007cd0                _init
 .init          0x00007cd4        0x8 c:/programdata/matlab/supportpackages/r2021b/aide/tools/arm-none-eabi-gcc/4.8.3-2014q1/bin/../lib/gcc/arm-none-eabi/4.8.3/armv6-m/crtn.o
 *(.fini)
 .fini          0x00007cdc        0x4 c:/programdata/matlab/supportpackages/r2021b/aide/tools/arm-none-eabi-gcc/4.8.3-2014q1/bin/../lib/gcc/arm-none-eabi/4.8.3/armv6-m/crti.o
                0x00007cdc                _fini
 .fini          0x00007ce0        0x8 c:/programdata/matlab/supportpackages/r2021b/aide/tools/arm-none-eabi-gcc/4.8.3-2014q1/bin/../lib/gcc/arm-none-eabi/4.8.3/armv6-m/crtn.o
 *crtbegin.o(.ctors)
 *crtbegin?.o(.ctors)
 *(EXCLUDE_FILE(*crtend.o *crtend?.o) .ctors)
 *(SORT(.ctors.*))
 *(.ctors)
 *crtbegin.o(.dtors)
 *crtbegin?.o(.dtors)
 *(EXCLUDE_FILE(*crtend.o *crtend?.o) .dtors)
 *(SORT(.dtors.*))
 *(.dtors)
 *(.rodata*)
 .rodata.test_M
                0x00007ce8        0x4 test.o
                0x00007ce8                test_M
 .rodata.npio2_hw
                0x00007cec       0x80 c:/programdata/matlab/supportpackages/r2021b/aide/tools/arm-none-eabi-gcc/4.8.3-2014q1/bin/../lib/gcc/arm-none-eabi/4.8.3/../../../../arm-none-eabi/lib/armv6-m\libm.a(lib_a-e_rem_pio2.o)
 .rodata.two_over_pi
                0x00007d6c      0x108 c:/programdata/matlab/supportpackages/r2021b/aide/tools/arm-none-eabi-gcc/4.8.3-2014q1/bin/../lib/gcc/arm-none-eabi/4.8.3/../../../../arm-none-eabi/lib/armv6-m\libm.a(lib_a-e_rem_pio2.o)
 .rodata.init_jk
                0x00007e74       0x10 c:/programdata/matlab/supportpackages/r2021b/aide/tools/arm-none-eabi-gcc/4.8.3-2014q1/bin/../lib/gcc/arm-none-eabi/4.8.3/../../../../arm-none-eabi/lib/armv6-m\libm.a(lib_a-k_rem_pio2.o)
 *fill*         0x00007e84        0x4 
 .rodata.PIo2   0x00007e88       0x40 c:/programdata/matlab/supportpackages/r2021b/aide/tools/arm-none-eabi-gcc/4.8.3-2014q1/bin/../lib/gcc/arm-none-eabi/4.8.3/../../../../arm-none-eabi/lib/armv6-m\libm.a(lib_a-k_rem_pio2.o)
 .rodata._ZTV4Uart
                0x00007ec8       0x38 C:/Users/eahil/DOCUME~1/MATLAB/R2021b/ARDUIN~1/ARDUIN~3/FASTER~1\libcore.a(Uart.o)
                0x00007ec8                vtable for Uart
 .rodata._ZTV7Serial_
                0x00007f00       0x58 C:/Users/eahil/DOCUME~1/MATLAB/R2021b/ARDUIN~1/ARDUIN~3/FASTER~1\libcore.a(CDC.o)
                0x00007f00                vtable for Serial_
 .rodata._ZTV26DoubleBufferedEPOutHandler
                0x00007f58       0x28 C:/Users/eahil/DOCUME~1/MATLAB/R2021b/ARDUIN~1/ARDUIN~3/FASTER~1\libcore.a(USBCore.o)
                0x00007f58                vtable for DoubleBufferedEPOutHandler
 .rodata._ZL15STRING_LANGUAGE
                0x00007f80        0x4 C:/Users/eahil/DOCUME~1/MATLAB/R2021b/ARDUIN~1/ARDUIN~3/FASTER~1\libcore.a(USBCore.o)
 .rodata._ZL21USB_DeviceDescriptorB
                0x00007f84       0x12 C:/Users/eahil/DOCUME~1/MATLAB/R2021b/ARDUIN~1/ARDUIN~3/FASTER~1\libcore.a(USBCore.o)
 .rodata._ZL19STRING_MANUFACTURER
                0x00007f96        0xc C:/Users/eahil/DOCUME~1/MATLAB/R2021b/ARDUIN~1/ARDUIN~3/FASTER~1\libcore.a(USBCore.o)
 .rodata._ZL14STRING_PRODUCT
                0x00007fa2       0x14 C:/Users/eahil/DOCUME~1/MATLAB/R2021b/ARDUIN~1/ARDUIN~3/FASTER~1\libcore.a(USBCore.o)
 *fill*         0x00007fb6        0x2 
 .rodata.g_APinDescription
                0x00007fb8      0x318 C:/Users/eahil/DOCUME~1/MATLAB/R2021b/ARDUIN~1/ARDUIN~3/FASTER~1\libcore.a(variant.o)
                0x00007fb8                g_APinDescription
 .rodata        0x000082d0       0x40 c:/programdata/matlab/supportpackages/r2021b/aide/tools/arm-none-eabi-gcc/4.8.3-2014q1/bin/../lib/gcc/arm-none-eabi/4.8.3/armv6-m\libgcc.a(divdf3.o)
 .rodata        0x00008310       0x40 c:/programdata/matlab/supportpackages/r2021b/aide/tools/arm-none-eabi-gcc/4.8.3-2014q1/bin/../lib/gcc/arm-none-eabi/4.8.3/armv6-m\libgcc.a(muldf3.o)
 .rodata.str1.1
                0x00008350        0x2 c:/programdata/matlab/supportpackages/r2021b/aide/tools/arm-none-eabi-gcc/4.8.3-2014q1/bin/../lib/gcc/arm-none-eabi/4.8.3/../../../../arm-none-eabi/lib/armv6-m\libg_s.a(lib_a-impure.o)
 *(.eh_frame*)
 *fill*         0x00008352        0x2 
 .eh_frame      0x00008354        0x0 c:/programdata/matlab/supportpackages/r2021b/aide/tools/arm-none-eabi-gcc/4.8.3-2014q1/bin/../lib/gcc/arm-none-eabi/4.8.3/armv6-m/crtbegin.o
 .eh_frame      0x00008354        0x4 c:/programdata/matlab/supportpackages/r2021b/aide/tools/arm-none-eabi-gcc/4.8.3-2014q1/bin/../lib/gcc/arm-none-eabi/4.8.3/armv6-m/crtend.o

.glue_7         0x00008358        0x0
 .glue_7        0x00000000        0x0 linker stubs

.glue_7t        0x00008358        0x0
 .glue_7t       0x00000000        0x0 linker stubs

.vfp11_veneer   0x00008358        0x0
 .vfp11_veneer  0x00000000        0x0 linker stubs

.v4_bx          0x00008358        0x0
 .v4_bx         0x00000000        0x0 linker stubs

.iplt           0x00008358        0x0
 .iplt          0x00000000        0x0 c:/programdata/matlab/supportpackages/r2021b/aide/tools/arm-none-eabi-gcc/4.8.3-2014q1/bin/../lib/gcc/arm-none-eabi/4.8.3/armv6-m/crtbegin.o

.rel.dyn        0x00008358        0x0
 .rel.iplt      0x00000000        0x0 c:/programdata/matlab/supportpackages/r2021b/aide/tools/arm-none-eabi-gcc/4.8.3-2014q1/bin/../lib/gcc/arm-none-eabi/4.8.3/armv6-m/crtbegin.o

.ARM.extab
 *(.ARM.extab* .gnu.linkonce.armextab.*)
                0x00008358                __exidx_start = .

.ARM.exidx
 *(.ARM.exidx* .gnu.linkonce.armexidx.*)
                0x00008358                __exidx_end = .
                0x00008358                __etext = .

.data           0x20000000       0xcc load address 0x00008358
                0x20000000                __data_start__ = .
 *(vtable)
 *(.data*)
 .data.test_P   0x20000000       0x38 test_data.o
                0x20000000                test_P
 .data.SystemCoreClock
                0x20000038        0x4 C:/Users/eahil/DOCUME~1/MATLAB/R2021b/ARDUIN~1/ARDUIN~3/FASTER~1\libcore.a(wiring.o)
                0x20000038                SystemCoreClock
 .data._ZL5ticks
                0x2000003c        0x4 C:/Users/eahil/DOCUME~1/MATLAB/R2021b/ARDUIN~1/ARDUIN~3/FASTER~1\libcore.a(Reset.o)
 .data._serialPeek
                0x20000040        0x4 C:/Users/eahil/DOCUME~1/MATLAB/R2021b/ARDUIN~1/ARDUIN~3/FASTER~1\libcore.a(CDC.o)
                0x20000040                _serialPeek
 .data._ZL10breakValue
                0x20000044        0x4 C:/Users/eahil/DOCUME~1/MATLAB/R2021b/ARDUIN~1/ARDUIN~3/FASTER~1\libcore.a(CDC.o)
 .data._ZL12_usbLineInfo
                0x20000048        0x8 C:/Users/eahil/DOCUME~1/MATLAB/R2021b/ARDUIN~1/ARDUIN~3/FASTER~1\libcore.a(CDC.o)
 .data.impure_data
                0x20000050       0x60 c:/programdata/matlab/supportpackages/r2021b/aide/tools/arm-none-eabi-gcc/4.8.3-2014q1/bin/../lib/gcc/arm-none-eabi/4.8.3/../../../../arm-none-eabi/lib/armv6-m\libg_s.a(lib_a-impure.o)
 .data._impure_ptr
                0x200000b0        0x4 c:/programdata/matlab/supportpackages/r2021b/aide/tools/arm-none-eabi-gcc/4.8.3-2014q1/bin/../lib/gcc/arm-none-eabi/4.8.3/../../../../arm-none-eabi/lib/armv6-m\libg_s.a(lib_a-impure.o)
                0x200000b0                _impure_ptr
                0x200000b4                . = ALIGN (0x4)
                0x200000b4                PROVIDE (__preinit_array_start, .)
 *(.preinit_array)
                0x200000b4                PROVIDE (__preinit_array_end, .)
                0x200000b4                . = ALIGN (0x4)
                0x200000b4                PROVIDE (__init_array_start, .)
 *(SORT(.init_array.*))
 *(.init_array)
 .init_array    0x200000b4        0x4 c:/programdata/matlab/supportpackages/r2021b/aide/tools/arm-none-eabi-gcc/4.8.3-2014q1/bin/../lib/gcc/arm-none-eabi/4.8.3/armv6-m/crtbegin.o
 .init_array    0x200000b8        0x4 C:/Users/eahil/DOCUME~1/MATLAB/R2021b/ARDUIN~1/ARDUIN~3/FASTER~1\libcore.a(CDC.o)
 .init_array    0x200000bc        0x4 C:/Users/eahil/DOCUME~1/MATLAB/R2021b/ARDUIN~1/ARDUIN~3/FASTER~1\libcore.a(USBCore.o)
 .init_array    0x200000c0        0x4 C:/Users/eahil/DOCUME~1/MATLAB/R2021b/ARDUIN~1/ARDUIN~3/FASTER~1\libcore.a(variant.o)
                0x200000c4                PROVIDE (__init_array_end, .)
                0x200000c4                . = ALIGN (0x4)
                0x200000c4                PROVIDE (__fini_array_start, .)
 *(SORT(.fini_array.*))
 *(.fini_array)
 .fini_array    0x200000c4        0x4 c:/programdata/matlab/supportpackages/r2021b/aide/tools/arm-none-eabi-gcc/4.8.3-2014q1/bin/../lib/gcc/arm-none-eabi/4.8.3/armv6-m/crtbegin.o
                0x200000c8                PROVIDE (__fini_array_end, .)
 *(.jcr*)
 .jcr           0x200000c8        0x0 c:/programdata/matlab/supportpackages/r2021b/aide/tools/arm-none-eabi-gcc/4.8.3-2014q1/bin/../lib/gcc/arm-none-eabi/4.8.3/armv6-m/crtbegin.o
 .jcr           0x200000c8        0x4 c:/programdata/matlab/supportpackages/r2021b/aide/tools/arm-none-eabi-gcc/4.8.3-2014q1/bin/../lib/gcc/arm-none-eabi/4.8.3/armv6-m/crtend.o
                0x200000cc                . = ALIGN (0x4)
                0x200000cc                __data_end__ = .

.igot.plt       0x200000cc        0x0 load address 0x00008424
 .igot.plt      0x00000000        0x0 c:/programdata/matlab/supportpackages/r2021b/aide/tools/arm-none-eabi-gcc/4.8.3-2014q1/bin/../lib/gcc/arm-none-eabi/4.8.3/armv6-m/crtbegin.o

.bss            0x200000cc      0xd48 load address 0x00008424
                0x200000cc                . = ALIGN (0x4)
                0x200000cc                __bss_start__ = .
 *(.bss*)
 .bss           0x200000cc       0x1c c:/programdata/matlab/supportpackages/r2021b/aide/tools/arm-none-eabi-gcc/4.8.3-2014q1/bin/../lib/gcc/arm-none-eabi/4.8.3/armv6-m/crtbegin.o
 .bss.test_M_   0x200000e8        0x4 test.o
 .bss.OverrunFlag
                0x200000ec        0x1 ert_main.o
 *fill*         0x200000ed        0x3 
 .bss.IsrOverrun
                0x200000f0        0x4 ert_main.o
                0x200000f0                IsrOverrun
 .bss.usb_isr   0x200000f4        0x4 C:/Users/eahil/DOCUME~1/MATLAB/R2021b/ARDUIN~1/ARDUIN~3/FASTER~1\libcore.a(cortex_handlers.o)
 .bss._ulTickCount
                0x200000f8        0x4 C:/Users/eahil/DOCUME~1/MATLAB/R2021b/ARDUIN~1/ARDUIN~3/FASTER~1\libcore.a(delay.o)
 .bss.SerialUSB
                0x200000fc       0x34 C:/Users/eahil/DOCUME~1/MATLAB/R2021b/ARDUIN~1/ARDUIN~3/FASTER~1\libcore.a(CDC.o)
                0x200000fc                SerialUSB
 .bss._ZZ12PluggableUSBvE3obj
                0x20000130        0x8 C:/Users/eahil/DOCUME~1/MATLAB/R2021b/ARDUIN~1/ARDUIN~3/FASTER~1\libcore.a(PluggableUSB.o)
 .bss._ZGVZ12PluggableUSBvE3obj
                0x20000138        0x4 C:/Users/eahil/DOCUME~1/MATLAB/R2021b/ARDUIN~1/ARDUIN~3/FASTER~1\libcore.a(PluggableUSB.o)
 .bss._ZL14isEndpointHalt
                0x2000013c        0x1 C:/Users/eahil/DOCUME~1/MATLAB/R2021b/ARDUIN~1/ARDUIN~3/FASTER~1\libcore.a(USBCore.o)
 *fill*         0x2000013d        0x3 
 .bss.EndPoints
                0x20000140       0x28 C:/Users/eahil/DOCUME~1/MATLAB/R2021b/ARDUIN~1/ARDUIN~3/FASTER~1\libcore.a(USBCore.o)
                0x20000140                EndPoints
 .bss._pack_buffer
                0x20000168      0x100 C:/Users/eahil/DOCUME~1/MATLAB/R2021b/ARDUIN~1/ARDUIN~3/FASTER~1\libcore.a(USBCore.o)
                0x20000168                _pack_buffer
 .bss._pack_size
                0x20000268        0x2 C:/Users/eahil/DOCUME~1/MATLAB/R2021b/ARDUIN~1/ARDUIN~3/FASTER~1\libcore.a(USBCore.o)
                0x20000268                _pack_size
 .bss._ZL20LastTransmitTimedOut
                0x2000026a        0x7 C:/Users/eahil/DOCUME~1/MATLAB/R2021b/ARDUIN~1/ARDUIN~3/FASTER~1\libcore.a(USBCore.o)
 *fill*         0x20000271        0x3 
 .bss._ZL22udd_ep_in_cache_buffer
                0x20000274      0x1c0 C:/Users/eahil/DOCUME~1/MATLAB/R2021b/ARDUIN~1/ARDUIN~3/FASTER~1\libcore.a(USBCore.o)
 .bss._ZL23udd_ep_out_cache_buffer
                0x20000434      0x1c0 C:/Users/eahil/DOCUME~1/MATLAB/R2021b/ARDUIN~1/ARDUIN~3/FASTER~1\libcore.a(USBCore.o)
 .bss._ZL10epHandlers
                0x200005f4       0x1c C:/Users/eahil/DOCUME~1/MATLAB/R2021b/ARDUIN~1/ARDUIN~3/FASTER~1\libcore.a(USBCore.o)
 .bss._pack_message
                0x20000610        0x1 C:/Users/eahil/DOCUME~1/MATLAB/R2021b/ARDUIN~1/ARDUIN~3/FASTER~1\libcore.a(USBCore.o)
                0x20000610                _pack_message
 .bss._ZL21isRemoteWakeUpEnabled
                0x20000611        0x1 C:/Users/eahil/DOCUME~1/MATLAB/R2021b/ARDUIN~1/ARDUIN~3/FASTER~1\libcore.a(USBCore.o)
 .bss._dry_run  0x20000612        0x1 C:/Users/eahil/DOCUME~1/MATLAB/R2021b/ARDUIN~1/ARDUIN~3/FASTER~1\libcore.a(USBCore.o)
                0x20000612                _dry_run
 .bss.USBDevice
                0x20000613        0x1 C:/Users/eahil/DOCUME~1/MATLAB/R2021b/ARDUIN~1/ARDUIN~3/FASTER~1\libcore.a(USBCore.o)
                0x20000613                USBDevice
 .bss._usbSetInterface
                0x20000614        0x4 C:/Users/eahil/DOCUME~1/MATLAB/R2021b/ARDUIN~1/ARDUIN~3/FASTER~1\libcore.a(USBCore.o)
                0x20000614                _usbSetInterface
 .bss.usbd      0x20000618      0x104 C:/Users/eahil/DOCUME~1/MATLAB/R2021b/ARDUIN~1/ARDUIN~3/FASTER~1\libcore.a(USBCore.o)
                0x20000618                usbd
 .bss._usbConfiguration
                0x2000071c        0x4 C:/Users/eahil/DOCUME~1/MATLAB/R2021b/ARDUIN~1/ARDUIN~3/FASTER~1\libcore.a(USBCore.o)
                0x2000071c                _usbConfiguration
 .bss.SerialHCI
                0x20000720      0x23c C:/Users/eahil/DOCUME~1/MATLAB/R2021b/ARDUIN~1/ARDUIN~3/FASTER~1\libcore.a(variant.o)
                0x20000720                SerialHCI
 .bss.Serial1   0x2000095c      0x23c C:/Users/eahil/DOCUME~1/MATLAB/R2021b/ARDUIN~1/ARDUIN~3/FASTER~1\libcore.a(variant.o)
                0x2000095c                Serial1
 .bss.Serial2   0x20000b98      0x23c C:/Users/eahil/DOCUME~1/MATLAB/R2021b/ARDUIN~1/ARDUIN~3/FASTER~1\libcore.a(variant.o)
                0x20000b98                Serial2
 .bss.sercom3   0x20000dd4        0x4 C:/Users/eahil/DOCUME~1/MATLAB/R2021b/ARDUIN~1/ARDUIN~3/FASTER~1\libcore.a(variant.o)
                0x20000dd4                sercom3
 .bss.sercom0   0x20000dd8        0x4 C:/Users/eahil/DOCUME~1/MATLAB/R2021b/ARDUIN~1/ARDUIN~3/FASTER~1\libcore.a(variant.o)
                0x20000dd8                sercom0
 .bss.sercom1   0x20000ddc        0x4 C:/Users/eahil/DOCUME~1/MATLAB/R2021b/ARDUIN~1/ARDUIN~3/FASTER~1\libcore.a(variant.o)
                0x20000ddc                sercom1
 .bss.sercom2   0x20000de0        0x4 C:/Users/eahil/DOCUME~1/MATLAB/R2021b/ARDUIN~1/ARDUIN~3/FASTER~1\libcore.a(variant.o)
                0x20000de0                sercom2
 .bss.sercom4   0x20000de4        0x4 C:/Users/eahil/DOCUME~1/MATLAB/R2021b/ARDUIN~1/ARDUIN~3/FASTER~1\libcore.a(variant.o)
                0x20000de4                sercom4
 .bss.sercom5   0x20000de8        0x4 C:/Users/eahil/DOCUME~1/MATLAB/R2021b/ARDUIN~1/ARDUIN~3/FASTER~1\libcore.a(variant.o)
                0x20000de8                sercom5
 .bss.__malloc_sbrk_start
                0x20000dec        0x4 c:/programdata/matlab/supportpackages/r2021b/aide/tools/arm-none-eabi-gcc/4.8.3-2014q1/bin/../lib/gcc/arm-none-eabi/4.8.3/../../../../arm-none-eabi/lib/armv6-m\libg_s.a(lib_a-nano-mallocr.o)
                0x20000dec                __malloc_sbrk_start
 .bss.__malloc_free_list
                0x20000df0        0x4 c:/programdata/matlab/supportpackages/r2021b/aide/tools/arm-none-eabi-gcc/4.8.3-2014q1/bin/../lib/gcc/arm-none-eabi/4.8.3/../../../../arm-none-eabi/lib/armv6-m\libg_s.a(lib_a-nano-mallocr.o)
                0x20000df0                __malloc_free_list
 .bss.heap_end.4243
                0x20000df4        0x4 c:/programdata/matlab/supportpackages/r2021b/aide/tools/arm-none-eabi-gcc/4.8.3-2014q1/bin/../lib/gcc/arm-none-eabi/4.8.3/../../../../arm-none-eabi/lib/armv6-m\libnosys.a(sbrk.o)
 *(COMMON)
 COMMON         0x20000df8       0x14 test.o
                0x20000df8                test_DW
 COMMON         0x20000e0c        0x2 ert_main.o
                0x20000e0c                runModel
                0x20000e0d                stopRequested
 *fill*         0x20000e0e        0x2 
 COMMON         0x20000e10        0x4 c:/programdata/matlab/supportpackages/r2021b/aide/tools/arm-none-eabi-gcc/4.8.3-2014q1/bin/../lib/gcc/arm-none-eabi/4.8.3/../../../../arm-none-eabi/lib/armv6-m\libg_s.a(lib_a-reent.o)
                0x20000e10                errno
                0x20000e14                . = ALIGN (0x4)
                0x20000e14                __bss_end__ = .

.heap           0x20000e14        0x0
                0x20000e14                __end__ = .
                0x20000e14                PROVIDE (end, .)
 *(.heap*)
                0x20000e14                __HeapLimit = .

.stack_dummy    0x20000e14        0x0
 *(.stack*)
                0x20008000                __StackTop = (ORIGIN (RAM) + 0x8000)
                0x20008000                __StackLimit = (__StackTop - SIZEOF (.stack_dummy))
                0x20008000                PROVIDE (__stack, __StackTop)
                0x20007fff                __ram_end__ = ((ORIGIN (RAM) + 0x8000) - 0x1)
                0x00000001                ASSERT ((__StackLimit >= __HeapLimit), region RAM overflowed with stack)
OUTPUT(../test.elf elf32-littlearm)

.ARM.attributes
                0x00000000       0x28
 .ARM.attributes
                0x00000000       0x1e c:/programdata/matlab/supportpackages/r2021b/aide/tools/arm-none-eabi-gcc/4.8.3-2014q1/bin/../lib/gcc/arm-none-eabi/4.8.3/armv6-m/crti.o
 .ARM.attributes
                0x0000001e       0x2c c:/programdata/matlab/supportpackages/r2021b/aide/tools/arm-none-eabi-gcc/4.8.3-2014q1/bin/../lib/gcc/arm-none-eabi/4.8.3/armv6-m/crtbegin.o
 .ARM.attributes
                0x0000004a       0x32 MW_arduino_digitalio.o
 .ARM.attributes
                0x0000007c       0x32 test.o
 .ARM.attributes
                0x000000ae       0x32 test_data.o
 .ARM.attributes
                0x000000e0       0x32 MW_ArduinoHWInit.o
 .ARM.attributes
                0x00000112       0x32 io_wrappers.o
 .ARM.attributes
                0x00000144       0x32 arduinoARM_M0plusScheduler.o
 .ARM.attributes
                0x00000176       0x32 m0m1m0plus_multitasking.o
 .ARM.attributes
                0x000001a8       0x32 ert_main.o
 .ARM.attributes
                0x000001da       0x2c c:/programdata/matlab/supportpackages/r2021b/aide/tools/arm-none-eabi-gcc/4.8.3-2014q1/bin/../lib/gcc/arm-none-eabi/4.8.3/../../../../arm-none-eabi/lib/armv6-m\libm.a(lib_a-s_ceil.o)
 .ARM.attributes
                0x00000206       0x2c c:/programdata/matlab/supportpackages/r2021b/aide/tools/arm-none-eabi-gcc/4.8.3-2014q1/bin/../lib/gcc/arm-none-eabi/4.8.3/../../../../arm-none-eabi/lib/armv6-m\libm.a(lib_a-s_floor.o)
 .ARM.attributes
                0x00000232       0x2c c:/programdata/matlab/supportpackages/r2021b/aide/tools/arm-none-eabi-gcc/4.8.3-2014q1/bin/../lib/gcc/arm-none-eabi/4.8.3/../../../../arm-none-eabi/lib/armv6-m\libm.a(lib_a-s_sin.o)
 .ARM.attributes
                0x0000025e       0x2c c:/programdata/matlab/supportpackages/r2021b/aide/tools/arm-none-eabi-gcc/4.8.3-2014q1/bin/../lib/gcc/arm-none-eabi/4.8.3/../../../../arm-none-eabi/lib/armv6-m\libm.a(lib_a-e_rem_pio2.o)
 .ARM.attributes
                0x0000028a       0x2c c:/programdata/matlab/supportpackages/r2021b/aide/tools/arm-none-eabi-gcc/4.8.3-2014q1/bin/../lib/gcc/arm-none-eabi/4.8.3/../../../../arm-none-eabi/lib/armv6-m\libm.a(lib_a-k_cos.o)
 .ARM.attributes
                0x000002b6       0x2c c:/programdata/matlab/supportpackages/r2021b/aide/tools/arm-none-eabi-gcc/4.8.3-2014q1/bin/../lib/gcc/arm-none-eabi/4.8.3/../../../../arm-none-eabi/lib/armv6-m\libm.a(lib_a-k_rem_pio2.o)
 .ARM.attributes
                0x000002e2       0x2c c:/programdata/matlab/supportpackages/r2021b/aide/tools/arm-none-eabi-gcc/4.8.3-2014q1/bin/../lib/gcc/arm-none-eabi/4.8.3/../../../../arm-none-eabi/lib/armv6-m\libm.a(lib_a-k_sin.o)
 .ARM.attributes
                0x0000030e       0x2c c:/programdata/matlab/supportpackages/r2021b/aide/tools/arm-none-eabi-gcc/4.8.3-2014q1/bin/../lib/gcc/arm-none-eabi/4.8.3/../../../../arm-none-eabi/lib/armv6-m\libm.a(lib_a-s_fabs.o)
 .ARM.attributes
                0x0000033a       0x2c c:/programdata/matlab/supportpackages/r2021b/aide/tools/arm-none-eabi-gcc/4.8.3-2014q1/bin/../lib/gcc/arm-none-eabi/4.8.3/../../../../arm-none-eabi/lib/armv6-m\libm.a(lib_a-s_scalbn.o)
 .ARM.attributes
                0x00000366       0x2c c:/programdata/matlab/supportpackages/r2021b/aide/tools/arm-none-eabi-gcc/4.8.3-2014q1/bin/../lib/gcc/arm-none-eabi/4.8.3/../../../../arm-none-eabi/lib/armv6-m\libm.a(lib_a-s_copysign.o)
 .ARM.attributes
                0x00000392       0x32 C:/Users/eahil/DOCUME~1/MATLAB/R2021b/ARDUIN~1/ARDUIN~3/FASTER~1\libcore.a(cortex_handlers.o)
 .ARM.attributes
                0x000003c4       0x32 C:/Users/eahil/DOCUME~1/MATLAB/R2021b/ARDUIN~1/ARDUIN~3/FASTER~1\libcore.a(hooks.o)
 .ARM.attributes
                0x000003f6       0x32 C:/Users/eahil/DOCUME~1/MATLAB/R2021b/ARDUIN~1/ARDUIN~3/FASTER~1\libcore.a(delay.o)
 .ARM.attributes
                0x00000428       0x32 C:/Users/eahil/DOCUME~1/MATLAB/R2021b/ARDUIN~1/ARDUIN~3/FASTER~1\libcore.a(startup.o)
 .ARM.attributes
                0x0000045a       0x32 C:/Users/eahil/DOCUME~1/MATLAB/R2021b/ARDUIN~1/ARDUIN~3/FASTER~1\libcore.a(wiring.o)
 .ARM.attributes
                0x0000048c       0x32 C:/Users/eahil/DOCUME~1/MATLAB/R2021b/ARDUIN~1/ARDUIN~3/FASTER~1\libcore.a(wiring_analog.o)
 .ARM.attributes
                0x000004be       0x32 C:/Users/eahil/DOCUME~1/MATLAB/R2021b/ARDUIN~1/ARDUIN~3/FASTER~1\libcore.a(wiring_digital.o)
 .ARM.attributes
                0x000004f0       0x32 C:/Users/eahil/DOCUME~1/MATLAB/R2021b/ARDUIN~1/ARDUIN~3/FASTER~1\libcore.a(wiring_private.o)
 .ARM.attributes
                0x00000522       0x32 C:/Users/eahil/DOCUME~1/MATLAB/R2021b/ARDUIN~1/ARDUIN~3/FASTER~1\libcore.a(Reset.o)
 .ARM.attributes
                0x00000554       0x32 C:/Users/eahil/DOCUME~1/MATLAB/R2021b/ARDUIN~1/ARDUIN~3/FASTER~1\libcore.a(Uart.o)
 .ARM.attributes
                0x00000586       0x32 C:/Users/eahil/DOCUME~1/MATLAB/R2021b/ARDUIN~1/ARDUIN~3/FASTER~1\libcore.a(CDC.o)
 .ARM.attributes
                0x000005b8       0x32 C:/Users/eahil/DOCUME~1/MATLAB/R2021b/ARDUIN~1/ARDUIN~3/FASTER~1\libcore.a(PluggableUSB.o)
 .ARM.attributes
                0x000005ea       0x32 C:/Users/eahil/DOCUME~1/MATLAB/R2021b/ARDUIN~1/ARDUIN~3/FASTER~1\libcore.a(USBCore.o)
 .ARM.attributes
                0x0000061c       0x32 C:/Users/eahil/DOCUME~1/MATLAB/R2021b/ARDUIN~1/ARDUIN~3/FASTER~1\libcore.a(variant.o)
 .ARM.attributes
                0x0000064e       0x32 C:/Users/eahil/DOCUME~1/MATLAB/R2021b/ARDUIN~1/ARDUIN~3/FASTER~1\libcore.a(new.o)
 .ARM.attributes
                0x00000680       0x32 C:/Users/eahil/DOCUME~1/MATLAB/R2021b/ARDUIN~1/ARDUIN~3/FASTER~1\libcore.a(Print.o)
 .ARM.attributes
                0x000006b2       0x32 C:/Users/eahil/DOCUME~1/MATLAB/R2021b/ARDUIN~1/ARDUIN~3/FASTER~1\libcore.a(SERCOM.o)
 .ARM.attributes
                0x000006e4       0x1e c:/programdata/matlab/supportpackages/r2021b/aide/tools/arm-none-eabi-gcc/4.8.3-2014q1/bin/../lib/gcc/arm-none-eabi/4.8.3/armv6-m\libgcc.a(_thumb1_case_uqi.o)
 .ARM.attributes
                0x00000702       0x1e c:/programdata/matlab/supportpackages/r2021b/aide/tools/arm-none-eabi-gcc/4.8.3-2014q1/bin/../lib/gcc/arm-none-eabi/4.8.3/armv6-m\libgcc.a(_udivsi3.o)
 .ARM.attributes
                0x00000720       0x1e c:/programdata/matlab/supportpackages/r2021b/aide/tools/arm-none-eabi-gcc/4.8.3-2014q1/bin/../lib/gcc/arm-none-eabi/4.8.3/armv6-m\libgcc.a(_divsi3.o)
 .ARM.attributes
                0x0000073e       0x1e c:/programdata/matlab/supportpackages/r2021b/aide/tools/arm-none-eabi-gcc/4.8.3-2014q1/bin/../lib/gcc/arm-none-eabi/4.8.3/armv6-m\libgcc.a(_dvmd_tls.o)
 .ARM.attributes
                0x0000075c       0x1e c:/programdata/matlab/supportpackages/r2021b/aide/tools/arm-none-eabi-gcc/4.8.3-2014q1/bin/../lib/gcc/arm-none-eabi/4.8.3/armv6-m\libgcc.a(_arm_cmpdf2.o)
 .ARM.attributes
                0x0000077a       0x2c c:/programdata/matlab/supportpackages/r2021b/aide/tools/arm-none-eabi-gcc/4.8.3-2014q1/bin/../lib/gcc/arm-none-eabi/4.8.3/armv6-m\libgcc.a(_fixunsdfsi.o)
 .ARM.attributes
                0x000007a6       0x2c c:/programdata/matlab/supportpackages/r2021b/aide/tools/arm-none-eabi-gcc/4.8.3-2014q1/bin/../lib/gcc/arm-none-eabi/4.8.3/armv6-m\libgcc.a(adddf3.o)
 .ARM.attributes
                0x000007d2       0x2c c:/programdata/matlab/supportpackages/r2021b/aide/tools/arm-none-eabi-gcc/4.8.3-2014q1/bin/../lib/gcc/arm-none-eabi/4.8.3/armv6-m\libgcc.a(divdf3.o)
 .ARM.attributes
                0x000007fe       0x2c c:/programdata/matlab/supportpackages/r2021b/aide/tools/arm-none-eabi-gcc/4.8.3-2014q1/bin/../lib/gcc/arm-none-eabi/4.8.3/armv6-m\libgcc.a(eqdf2.o)
 .ARM.attributes
                0x0000082a       0x2c c:/programdata/matlab/supportpackages/r2021b/aide/tools/arm-none-eabi-gcc/4.8.3-2014q1/bin/../lib/gcc/arm-none-eabi/4.8.3/armv6-m\libgcc.a(gedf2.o)
 .ARM.attributes
                0x00000856       0x2c c:/programdata/matlab/supportpackages/r2021b/aide/tools/arm-none-eabi-gcc/4.8.3-2014q1/bin/../lib/gcc/arm-none-eabi/4.8.3/armv6-m\libgcc.a(ledf2.o)
 .ARM.attributes
                0x00000882       0x2c c:/programdata/matlab/supportpackages/r2021b/aide/tools/arm-none-eabi-gcc/4.8.3-2014q1/bin/../lib/gcc/arm-none-eabi/4.8.3/armv6-m\libgcc.a(muldf3.o)
 .ARM.attributes
                0x000008ae       0x2c c:/programdata/matlab/supportpackages/r2021b/aide/tools/arm-none-eabi-gcc/4.8.3-2014q1/bin/../lib/gcc/arm-none-eabi/4.8.3/armv6-m\libgcc.a(subdf3.o)
 .ARM.attributes
                0x000008da       0x2c c:/programdata/matlab/supportpackages/r2021b/aide/tools/arm-none-eabi-gcc/4.8.3-2014q1/bin/../lib/gcc/arm-none-eabi/4.8.3/armv6-m\libgcc.a(fixdfsi.o)
 .ARM.attributes
                0x00000906       0x2c c:/programdata/matlab/supportpackages/r2021b/aide/tools/arm-none-eabi-gcc/4.8.3-2014q1/bin/../lib/gcc/arm-none-eabi/4.8.3/armv6-m\libgcc.a(floatsidf.o)
 .ARM.attributes
                0x00000932       0x1e c:/programdata/matlab/supportpackages/r2021b/aide/tools/arm-none-eabi-gcc/4.8.3-2014q1/bin/../lib/gcc/arm-none-eabi/4.8.3/armv6-m\libgcc.a(_clzsi2.o)
 .ARM.attributes
                0x00000950       0x2c c:/programdata/matlab/supportpackages/r2021b/aide/tools/arm-none-eabi-gcc/4.8.3-2014q1/bin/../lib/gcc/arm-none-eabi/4.8.3/../../../../arm-none-eabi/lib/armv6-m\libg_s.a(lib_a-impure.o)
 .ARM.attributes
                0x0000097c       0x2c c:/programdata/matlab/supportpackages/r2021b/aide/tools/arm-none-eabi-gcc/4.8.3-2014q1/bin/../lib/gcc/arm-none-eabi/4.8.3/../../../../arm-none-eabi/lib/armv6-m\libg_s.a(lib_a-init.o)
 .ARM.attributes
                0x000009a8       0x2c c:/programdata/matlab/supportpackages/r2021b/aide/tools/arm-none-eabi-gcc/4.8.3-2014q1/bin/../lib/gcc/arm-none-eabi/4.8.3/../../../../arm-none-eabi/lib/armv6-m\libg_s.a(lib_a-malloc.o)
 .ARM.attributes
                0x000009d4       0x2c c:/programdata/matlab/supportpackages/r2021b/aide/tools/arm-none-eabi-gcc/4.8.3-2014q1/bin/../lib/gcc/arm-none-eabi/4.8.3/../../../../arm-none-eabi/lib/armv6-m\libg_s.a(lib_a-memcpy-stub.o)
 .ARM.attributes
                0x00000a00       0x2c c:/programdata/matlab/supportpackages/r2021b/aide/tools/arm-none-eabi-gcc/4.8.3-2014q1/bin/../lib/gcc/arm-none-eabi/4.8.3/../../../../arm-none-eabi/lib/armv6-m\libg_s.a(lib_a-memset.o)
 .ARM.attributes
                0x00000a2c       0x2c c:/programdata/matlab/supportpackages/r2021b/aide/tools/arm-none-eabi-gcc/4.8.3-2014q1/bin/../lib/gcc/arm-none-eabi/4.8.3/../../../../arm-none-eabi/lib/armv6-m\libg_s.a(lib_a-nano-freer.o)
 .ARM.attributes
                0x00000a58       0x2c c:/programdata/matlab/supportpackages/r2021b/aide/tools/arm-none-eabi-gcc/4.8.3-2014q1/bin/../lib/gcc/arm-none-eabi/4.8.3/../../../../arm-none-eabi/lib/armv6-m\libg_s.a(lib_a-nano-mallocr.o)
 .ARM.attributes
                0x00000a84       0x2c c:/programdata/matlab/supportpackages/r2021b/aide/tools/arm-none-eabi-gcc/4.8.3-2014q1/bin/../lib/gcc/arm-none-eabi/4.8.3/../../../../arm-none-eabi/lib/armv6-m\libg_s.a(lib_a-sbrkr.o)
 .ARM.attributes
                0x00000ab0       0x2c c:/programdata/matlab/supportpackages/r2021b/aide/tools/arm-none-eabi-gcc/4.8.3-2014q1/bin/../lib/gcc/arm-none-eabi/4.8.3/../../../../arm-none-eabi/lib/armv6-m\libg_s.a(lib_a-strlen.o)
 .ARM.attributes
                0x00000adc       0x2c c:/programdata/matlab/supportpackages/r2021b/aide/tools/arm-none-eabi-gcc/4.8.3-2014q1/bin/../lib/gcc/arm-none-eabi/4.8.3/../../../../arm-none-eabi/lib/armv6-m\libg_s.a(lib_a-reent.o)
 .ARM.attributes
                0x00000b08       0x2c c:/programdata/matlab/supportpackages/r2021b/aide/tools/arm-none-eabi-gcc/4.8.3-2014q1/bin/../lib/gcc/arm-none-eabi/4.8.3/../../../../arm-none-eabi/lib/armv6-m\libnosys.a(sbrk.o)
 .ARM.attributes
                0x00000b34       0x2c c:/programdata/matlab/supportpackages/r2021b/aide/tools/arm-none-eabi-gcc/4.8.3-2014q1/bin/../lib/gcc/arm-none-eabi/4.8.3/armv6-m/crtend.o
 .ARM.attributes
                0x00000b60       0x1e c:/programdata/matlab/supportpackages/r2021b/aide/tools/arm-none-eabi-gcc/4.8.3-2014q1/bin/../lib/gcc/arm-none-eabi/4.8.3/armv6-m/crtn.o

.comment        0x00000000       0x70
 .comment       0x00000000       0x70 MW_arduino_digitalio.o
                                 0x71 (size before relaxing)
 .comment       0x00000000       0x71 test.o
 .comment       0x00000000       0x71 test_data.o
 .comment       0x00000000       0x71 MW_ArduinoHWInit.o
 .comment       0x00000000       0x71 io_wrappers.o
 .comment       0x00000000       0x71 arduinoARM_M0plusScheduler.o
 .comment       0x00000000       0x71 m0m1m0plus_multitasking.o
 .comment       0x00000000       0x71 ert_main.o
 .comment       0x00000000       0x71 C:/Users/eahil/DOCUME~1/MATLAB/R2021b/ARDUIN~1/ARDUIN~3/FASTER~1\libcore.a(cortex_handlers.o)
 .comment       0x00000000       0x71 C:/Users/eahil/DOCUME~1/MATLAB/R2021b/ARDUIN~1/ARDUIN~3/FASTER~1\libcore.a(hooks.o)
 .comment       0x00000000       0x71 C:/Users/eahil/DOCUME~1/MATLAB/R2021b/ARDUIN~1/ARDUIN~3/FASTER~1\libcore.a(delay.o)
 .comment       0x00000000       0x71 C:/Users/eahil/DOCUME~1/MATLAB/R2021b/ARDUIN~1/ARDUIN~3/FASTER~1\libcore.a(startup.o)
 .comment       0x00000000       0x71 C:/Users/eahil/DOCUME~1/MATLAB/R2021b/ARDUIN~1/ARDUIN~3/FASTER~1\libcore.a(wiring.o)
 .comment       0x00000000       0x71 C:/Users/eahil/DOCUME~1/MATLAB/R2021b/ARDUIN~1/ARDUIN~3/FASTER~1\libcore.a(wiring_analog.o)
 .comment       0x00000000       0x71 C:/Users/eahil/DOCUME~1/MATLAB/R2021b/ARDUIN~1/ARDUIN~3/FASTER~1\libcore.a(wiring_digital.o)
 .comment       0x00000000       0x71 C:/Users/eahil/DOCUME~1/MATLAB/R2021b/ARDUIN~1/ARDUIN~3/FASTER~1\libcore.a(wiring_private.o)
 .comment       0x00000000       0x71 C:/Users/eahil/DOCUME~1/MATLAB/R2021b/ARDUIN~1/ARDUIN~3/FASTER~1\libcore.a(Reset.o)
 .comment       0x00000000       0x71 C:/Users/eahil/DOCUME~1/MATLAB/R2021b/ARDUIN~1/ARDUIN~3/FASTER~1\libcore.a(Uart.o)
 .comment       0x00000000       0x71 C:/Users/eahil/DOCUME~1/MATLAB/R2021b/ARDUIN~1/ARDUIN~3/FASTER~1\libcore.a(CDC.o)
 .comment       0x00000000       0x71 C:/Users/eahil/DOCUME~1/MATLAB/R2021b/ARDUIN~1/ARDUIN~3/FASTER~1\libcore.a(PluggableUSB.o)
 .comment       0x00000000       0x71 C:/Users/eahil/DOCUME~1/MATLAB/R2021b/ARDUIN~1/ARDUIN~3/FASTER~1\libcore.a(USBCore.o)
 .comment       0x00000000       0x71 C:/Users/eahil/DOCUME~1/MATLAB/R2021b/ARDUIN~1/ARDUIN~3/FASTER~1\libcore.a(variant.o)
 .comment       0x00000000       0x71 C:/Users/eahil/DOCUME~1/MATLAB/R2021b/ARDUIN~1/ARDUIN~3/FASTER~1\libcore.a(new.o)
 .comment       0x00000000       0x71 C:/Users/eahil/DOCUME~1/MATLAB/R2021b/ARDUIN~1/ARDUIN~3/FASTER~1\libcore.a(Print.o)
 .comment       0x00000000       0x71 C:/Users/eahil/DOCUME~1/MATLAB/R2021b/ARDUIN~1/ARDUIN~3/FASTER~1\libcore.a(SERCOM.o)

.debug_frame    0x00000000      0x628
 .debug_frame   0x00000000       0x3c c:/programdata/matlab/supportpackages/r2021b/aide/tools/arm-none-eabi-gcc/4.8.3-2014q1/bin/../lib/gcc/arm-none-eabi/4.8.3/../../../../arm-none-eabi/lib/armv6-m\libm.a(lib_a-s_ceil.o)
 .debug_frame   0x0000003c       0x3c c:/programdata/matlab/supportpackages/r2021b/aide/tools/arm-none-eabi-gcc/4.8.3-2014q1/bin/../lib/gcc/arm-none-eabi/4.8.3/../../../../arm-none-eabi/lib/armv6-m\libm.a(lib_a-s_floor.o)
 .debug_frame   0x00000078       0x2c c:/programdata/matlab/supportpackages/r2021b/aide/tools/arm-none-eabi-gcc/4.8.3-2014q1/bin/../lib/gcc/arm-none-eabi/4.8.3/../../../../arm-none-eabi/lib/armv6-m\libm.a(lib_a-s_sin.o)
 .debug_frame   0x000000a4       0x3c c:/programdata/matlab/supportpackages/r2021b/aide/tools/arm-none-eabi-gcc/4.8.3-2014q1/bin/../lib/gcc/arm-none-eabi/4.8.3/../../../../arm-none-eabi/lib/armv6-m\libm.a(lib_a-e_rem_pio2.o)
 .debug_frame   0x000000e0       0x38 c:/programdata/matlab/supportpackages/r2021b/aide/tools/arm-none-eabi-gcc/4.8.3-2014q1/bin/../lib/gcc/arm-none-eabi/4.8.3/../../../../arm-none-eabi/lib/armv6-m\libm.a(lib_a-k_cos.o)
 .debug_frame   0x00000118       0x3c c:/programdata/matlab/supportpackages/r2021b/aide/tools/arm-none-eabi-gcc/4.8.3-2014q1/bin/../lib/gcc/arm-none-eabi/4.8.3/../../../../arm-none-eabi/lib/armv6-m\libm.a(lib_a-k_rem_pio2.o)
 .debug_frame   0x00000154       0x30 c:/programdata/matlab/supportpackages/r2021b/aide/tools/arm-none-eabi-gcc/4.8.3-2014q1/bin/../lib/gcc/arm-none-eabi/4.8.3/../../../../arm-none-eabi/lib/armv6-m\libm.a(lib_a-k_sin.o)
 .debug_frame   0x00000184       0x20 c:/programdata/matlab/supportpackages/r2021b/aide/tools/arm-none-eabi-gcc/4.8.3-2014q1/bin/../lib/gcc/arm-none-eabi/4.8.3/../../../../arm-none-eabi/lib/armv6-m\libm.a(lib_a-s_fabs.o)
 .debug_frame   0x000001a4       0x30 c:/programdata/matlab/supportpackages/r2021b/aide/tools/arm-none-eabi-gcc/4.8.3-2014q1/bin/../lib/gcc/arm-none-eabi/4.8.3/../../../../arm-none-eabi/lib/armv6-m\libm.a(lib_a-s_scalbn.o)
 .debug_frame   0x000001d4       0x2c c:/programdata/matlab/supportpackages/r2021b/aide/tools/arm-none-eabi-gcc/4.8.3-2014q1/bin/../lib/gcc/arm-none-eabi/4.8.3/../../../../arm-none-eabi/lib/armv6-m\libm.a(lib_a-s_copysign.o)
 .debug_frame   0x00000200       0x20 c:/programdata/matlab/supportpackages/r2021b/aide/tools/arm-none-eabi-gcc/4.8.3-2014q1/bin/../lib/gcc/arm-none-eabi/4.8.3/armv6-m\libgcc.a(_udivsi3.o)
 .debug_frame   0x00000220       0x20 c:/programdata/matlab/supportpackages/r2021b/aide/tools/arm-none-eabi-gcc/4.8.3-2014q1/bin/../lib/gcc/arm-none-eabi/4.8.3/armv6-m\libgcc.a(_divsi3.o)
 .debug_frame   0x00000240       0x2c c:/programdata/matlab/supportpackages/r2021b/aide/tools/arm-none-eabi-gcc/4.8.3-2014q1/bin/../lib/gcc/arm-none-eabi/4.8.3/armv6-m\libgcc.a(_fixunsdfsi.o)
 .debug_frame   0x0000026c       0x3c c:/programdata/matlab/supportpackages/r2021b/aide/tools/arm-none-eabi-gcc/4.8.3-2014q1/bin/../lib/gcc/arm-none-eabi/4.8.3/armv6-m\libgcc.a(adddf3.o)
 .debug_frame   0x000002a8       0x3c c:/programdata/matlab/supportpackages/r2021b/aide/tools/arm-none-eabi-gcc/4.8.3-2014q1/bin/../lib/gcc/arm-none-eabi/4.8.3/armv6-m\libgcc.a(divdf3.o)
 .debug_frame   0x000002e4       0x3c c:/programdata/matlab/supportpackages/r2021b/aide/tools/arm-none-eabi-gcc/4.8.3-2014q1/bin/../lib/gcc/arm-none-eabi/4.8.3/armv6-m\libgcc.a(eqdf2.o)
 .debug_frame   0x00000320       0x38 c:/programdata/matlab/supportpackages/r2021b/aide/tools/arm-none-eabi-gcc/4.8.3-2014q1/bin/../lib/gcc/arm-none-eabi/4.8.3/armv6-m\libgcc.a(gedf2.o)
 .debug_frame   0x00000358       0x3c c:/programdata/matlab/supportpackages/r2021b/aide/tools/arm-none-eabi-gcc/4.8.3-2014q1/bin/../lib/gcc/arm-none-eabi/4.8.3/armv6-m\libgcc.a(ledf2.o)
 .debug_frame   0x00000394       0x3c c:/programdata/matlab/supportpackages/r2021b/aide/tools/arm-none-eabi-gcc/4.8.3-2014q1/bin/../lib/gcc/arm-none-eabi/4.8.3/armv6-m\libgcc.a(muldf3.o)
 .debug_frame   0x000003d0       0x3c c:/programdata/matlab/supportpackages/r2021b/aide/tools/arm-none-eabi-gcc/4.8.3-2014q1/bin/../lib/gcc/arm-none-eabi/4.8.3/armv6-m\libgcc.a(subdf3.o)
 .debug_frame   0x0000040c       0x2c c:/programdata/matlab/supportpackages/r2021b/aide/tools/arm-none-eabi-gcc/4.8.3-2014q1/bin/../lib/gcc/arm-none-eabi/4.8.3/armv6-m\libgcc.a(fixdfsi.o)
 .debug_frame   0x00000438       0x30 c:/programdata/matlab/supportpackages/r2021b/aide/tools/arm-none-eabi-gcc/4.8.3-2014q1/bin/../lib/gcc/arm-none-eabi/4.8.3/armv6-m\libgcc.a(floatsidf.o)
 .debug_frame   0x00000468       0x2c c:/programdata/matlab/supportpackages/r2021b/aide/tools/arm-none-eabi-gcc/4.8.3-2014q1/bin/../lib/gcc/arm-none-eabi/4.8.3/../../../../arm-none-eabi/lib/armv6-m\libg_s.a(lib_a-init.o)
 .debug_frame   0x00000494       0x40 c:/programdata/matlab/supportpackages/r2021b/aide/tools/arm-none-eabi-gcc/4.8.3-2014q1/bin/../lib/gcc/arm-none-eabi/4.8.3/../../../../arm-none-eabi/lib/armv6-m\libg_s.a(lib_a-malloc.o)
 .debug_frame   0x000004d4       0x28 c:/programdata/matlab/supportpackages/r2021b/aide/tools/arm-none-eabi-gcc/4.8.3-2014q1/bin/../lib/gcc/arm-none-eabi/4.8.3/../../../../arm-none-eabi/lib/armv6-m\libg_s.a(lib_a-memcpy-stub.o)
 .debug_frame   0x000004fc       0x20 c:/programdata/matlab/supportpackages/r2021b/aide/tools/arm-none-eabi-gcc/4.8.3-2014q1/bin/../lib/gcc/arm-none-eabi/4.8.3/../../../../arm-none-eabi/lib/armv6-m\libg_s.a(lib_a-memset.o)
 .debug_frame   0x0000051c       0x2c c:/programdata/matlab/supportpackages/r2021b/aide/tools/arm-none-eabi-gcc/4.8.3-2014q1/bin/../lib/gcc/arm-none-eabi/4.8.3/../../../../arm-none-eabi/lib/armv6-m\libg_s.a(lib_a-nano-freer.o)
 .debug_frame   0x00000548       0x2c c:/programdata/matlab/supportpackages/r2021b/aide/tools/arm-none-eabi-gcc/4.8.3-2014q1/bin/../lib/gcc/arm-none-eabi/4.8.3/../../../../arm-none-eabi/lib/armv6-m\libg_s.a(lib_a-nano-mallocr.o)
 .debug_frame   0x00000574       0x2c c:/programdata/matlab/supportpackages/r2021b/aide/tools/arm-none-eabi-gcc/4.8.3-2014q1/bin/../lib/gcc/arm-none-eabi/4.8.3/../../../../arm-none-eabi/lib/armv6-m\libg_s.a(lib_a-sbrkr.o)
 .debug_frame   0x000005a0       0x20 c:/programdata/matlab/supportpackages/r2021b/aide/tools/arm-none-eabi-gcc/4.8.3-2014q1/bin/../lib/gcc/arm-none-eabi/4.8.3/../../../../arm-none-eabi/lib/armv6-m\libg_s.a(lib_a-strlen.o)
 .debug_frame   0x000005c0       0x48 c:/programdata/matlab/supportpackages/r2021b/aide/tools/arm-none-eabi-gcc/4.8.3-2014q1/bin/../lib/gcc/arm-none-eabi/4.8.3/../../../../arm-none-eabi/lib/armv6-m\libg_s.a(lib_a-reent.o)
 .debug_frame   0x00000608       0x20 c:/programdata/matlab/supportpackages/r2021b/aide/tools/arm-none-eabi-gcc/4.8.3-2014q1/bin/../lib/gcc/arm-none-eabi/4.8.3/../../../../arm-none-eabi/lib/armv6-m\libnosys.a(sbrk.o)

Cross Reference Table

Symbol                                            File
AC_Handler                                        C:/Users/eahil/DOCUME~1/MATLAB/R2021b/ARDUIN~1/ARDUIN~3/FASTER~1\libcore.a(cortex_handlers.o)
ADC_Handler                                       C:/Users/eahil/DOCUME~1/MATLAB/R2021b/ARDUIN~1/ARDUIN~3/FASTER~1\libcore.a(cortex_handlers.o)
DAC_Handler                                       C:/Users/eahil/DOCUME~1/MATLAB/R2021b/ARDUIN~1/ARDUIN~3/FASTER~1\libcore.a(cortex_handlers.o)
DMAC_Handler                                      C:/Users/eahil/DOCUME~1/MATLAB/R2021b/ARDUIN~1/ARDUIN~3/FASTER~1\libcore.a(cortex_handlers.o)
DoubleBufferedEPOutHandler::_available() const    C:/Users/eahil/DOCUME~1/MATLAB/R2021b/ARDUIN~1/ARDUIN~3/FASTER~1\libcore.a(USBCore.o)
DoubleBufferedEPOutHandler::_recv()               C:/Users/eahil/DOCUME~1/MATLAB/R2021b/ARDUIN~1/ARDUIN~3/FASTER~1\libcore.a(USBCore.o)
DoubleBufferedEPOutHandler::available()           C:/Users/eahil/DOCUME~1/MATLAB/R2021b/ARDUIN~1/ARDUIN~3/FASTER~1\libcore.a(USBCore.o)
DoubleBufferedEPOutHandler::handleEndpoint()      C:/Users/eahil/DOCUME~1/MATLAB/R2021b/ARDUIN~1/ARDUIN~3/FASTER~1\libcore.a(USBCore.o)
DoubleBufferedEPOutHandler::peek()                C:/Users/eahil/DOCUME~1/MATLAB/R2021b/ARDUIN~1/ARDUIN~3/FASTER~1\libcore.a(USBCore.o)
DoubleBufferedEPOutHandler::recv(void*, unsigned long) C:/Users/eahil/DOCUME~1/MATLAB/R2021b/ARDUIN~1/ARDUIN~3/FASTER~1\libcore.a(USBCore.o)
DoubleBufferedEPOutHandler::release()             C:/Users/eahil/DOCUME~1/MATLAB/R2021b/ARDUIN~1/ARDUIN~3/FASTER~1\libcore.a(USBCore.o)
DoubleBufferedEPOutHandler::~DoubleBufferedEPOutHandler() C:/Users/eahil/DOCUME~1/MATLAB/R2021b/ARDUIN~1/ARDUIN~3/FASTER~1\libcore.a(USBCore.o)
DoubleBufferedEPOutHandler::~DoubleBufferedEPOutHandler() C:/Users/eahil/DOCUME~1/MATLAB/R2021b/ARDUIN~1/ARDUIN~3/FASTER~1\libcore.a(USBCore.o)
DoubleBufferedEPOutHandler::~DoubleBufferedEPOutHandler() C:/Users/eahil/DOCUME~1/MATLAB/R2021b/ARDUIN~1/ARDUIN~3/FASTER~1\libcore.a(USBCore.o)
Dummy_Handler                                     C:/Users/eahil/DOCUME~1/MATLAB/R2021b/ARDUIN~1/ARDUIN~3/FASTER~1\libcore.a(cortex_handlers.o)
EIC_Handler                                       C:/Users/eahil/DOCUME~1/MATLAB/R2021b/ARDUIN~1/ARDUIN~3/FASTER~1\libcore.a(cortex_handlers.o)
EVSYS_Handler                                     C:/Users/eahil/DOCUME~1/MATLAB/R2021b/ARDUIN~1/ARDUIN~3/FASTER~1\libcore.a(cortex_handlers.o)
EndPoints                                         C:/Users/eahil/DOCUME~1/MATLAB/R2021b/ARDUIN~1/ARDUIN~3/FASTER~1\libcore.a(USBCore.o)
                                                  C:/Users/eahil/DOCUME~1/MATLAB/R2021b/ARDUIN~1/ARDUIN~3/FASTER~1\libcore.a(PluggableUSB.o)
HardFault_Handler                                 C:/Users/eahil/DOCUME~1/MATLAB/R2021b/ARDUIN~1/ARDUIN~3/FASTER~1\libcore.a(cortex_handlers.o)
I2S_Handler                                       C:/Users/eahil/DOCUME~1/MATLAB/R2021b/ARDUIN~1/ARDUIN~3/FASTER~1\libcore.a(cortex_handlers.o)
IsrOverrun                                        ert_main.o
MW_ArduinoNano33BLESenseInit()                    MW_ArduinoHWInit.o
MW_Arduino_Init                                   MW_ArduinoHWInit.o
                                                  ert_main.o
MW_Arduino_Loop                                   arduinoARM_M0plusScheduler.o
                                                  ert_main.o
MW_Arduino_Terminate                              MW_ArduinoHWInit.o
                                                  ert_main.o
MW_Modbus_Slave_Poll                              MW_ArduinoHWInit.o
MW_delay_in_microseconds                          io_wrappers.o
MW_delay_in_milliseconds                          io_wrappers.o
MW_pinModeAnalogInput                             io_wrappers.o
MW_usbattach                                      io_wrappers.o
                                                  ert_main.o
NMI_Handler                                       C:/Users/eahil/DOCUME~1/MATLAB/R2021b/ARDUIN~1/ARDUIN~3/FASTER~1\libcore.a(cortex_handlers.o)
NVMCTRL_Handler                                   C:/Users/eahil/DOCUME~1/MATLAB/R2021b/ARDUIN~1/ARDUIN~3/FASTER~1\libcore.a(cortex_handlers.o)
PINCOUNT_fn                                       C:/Users/eahil/DOCUME~1/MATLAB/R2021b/ARDUIN~1/ARDUIN~3/FASTER~1\libcore.a(variant.o)
PM_Handler                                        C:/Users/eahil/DOCUME~1/MATLAB/R2021b/ARDUIN~1/ARDUIN~3/FASTER~1\libcore.a(cortex_handlers.o)
PTC_Handler                                       C:/Users/eahil/DOCUME~1/MATLAB/R2021b/ARDUIN~1/ARDUIN~3/FASTER~1\libcore.a(cortex_handlers.o)
PendSV_Handler                                    C:/Users/eahil/DOCUME~1/MATLAB/R2021b/ARDUIN~1/ARDUIN~3/FASTER~1\libcore.a(cortex_handlers.o)
PluggableUSB()                                    C:/Users/eahil/DOCUME~1/MATLAB/R2021b/ARDUIN~1/ARDUIN~3/FASTER~1\libcore.a(PluggableUSB.o)
                                                  C:/Users/eahil/DOCUME~1/MATLAB/R2021b/ARDUIN~1/ARDUIN~3/FASTER~1\libcore.a(USBCore.o)
                                                  C:/Users/eahil/DOCUME~1/MATLAB/R2021b/ARDUIN~1/ARDUIN~3/FASTER~1\libcore.a(CDC.o)
PluggableUSBModule::getShortName(char*)           C:/Users/eahil/DOCUME~1/MATLAB/R2021b/ARDUIN~1/ARDUIN~3/FASTER~1\libcore.a(CDC.o)
PluggableUSBModule::handleEndpoint(int)           C:/Users/eahil/DOCUME~1/MATLAB/R2021b/ARDUIN~1/ARDUIN~3/FASTER~1\libcore.a(CDC.o)
PluggableUSB_::PluggableUSB_()                    C:/Users/eahil/DOCUME~1/MATLAB/R2021b/ARDUIN~1/ARDUIN~3/FASTER~1\libcore.a(PluggableUSB.o)
PluggableUSB_::PluggableUSB_()                    C:/Users/eahil/DOCUME~1/MATLAB/R2021b/ARDUIN~1/ARDUIN~3/FASTER~1\libcore.a(PluggableUSB.o)
PluggableUSB_::getDescriptor(USBSetup&)           C:/Users/eahil/DOCUME~1/MATLAB/R2021b/ARDUIN~1/ARDUIN~3/FASTER~1\libcore.a(PluggableUSB.o)
                                                  C:/Users/eahil/DOCUME~1/MATLAB/R2021b/ARDUIN~1/ARDUIN~3/FASTER~1\libcore.a(USBCore.o)
PluggableUSB_::getInterface(unsigned char*)       C:/Users/eahil/DOCUME~1/MATLAB/R2021b/ARDUIN~1/ARDUIN~3/FASTER~1\libcore.a(PluggableUSB.o)
                                                  C:/Users/eahil/DOCUME~1/MATLAB/R2021b/ARDUIN~1/ARDUIN~3/FASTER~1\libcore.a(USBCore.o)