Archive member included to satisfy reference by file (symbol)

c:/progra~3/matlab/suppor~1/r2021b/3p778c~1.ins/gnuarm~1.ins/win/bin/../lib/gcc/arm-none-eabi/9.3.1/../../../../arm-none-eabi/lib/thumb/v7e-m+fp/hard\libm.a(lib_a-s_ceil.o)
                              top_level_algo.o (ceil)
c:/progra~3/matlab/suppor~1/r2021b/3p778c~1.ins/gnuarm~1.ins/win/bin/../lib/gcc/arm-none-eabi/9.3.1/../../../../arm-none-eabi/lib/thumb/v7e-m+fp/hard\libm.a(lib_a-s_floor.o)
                              top_level_algo.o (floor)
c:/progra~3/matlab/suppor~1/r2021b/3p778c~1.ins/gnuarm~1.ins/win/bin/../lib/gcc/arm-none-eabi/9.3.1/../../../../arm-none-eabi/lib/thumb/v7e-m+fp/hard\libm.a(lib_a-w_fmod.o)
                              top_level_algo.o (fmod)
c:/progra~3/matlab/suppor~1/r2021b/3p778c~1.ins/gnuarm~1.ins/win/bin/../lib/gcc/arm-none-eabi/9.3.1/../../../../arm-none-eabi/lib/thumb/v7e-m+fp/hard\libm.a(lib_a-e_fmod.o)
                              c:/progra~3/matlab/suppor~1/r2021b/3p778c~1.ins/gnuarm~1.ins/win/bin/../lib/gcc/arm-none-eabi/9.3.1/../../../../arm-none-eabi/lib/thumb/v7e-m+fp/hard\libm.a(lib_a-w_fmod.o) (__ieee754_fmod)
c:/progra~3/matlab/suppor~1/r2021b/3p778c~1.ins/gnuarm~1.ins/win/bin/../lib/gcc/arm-none-eabi/9.3.1/../../../../arm-none-eabi/lib/thumb/v7e-m+fp/hard\libm.a(lib_a-s_lib_ver.o)
                              c:/progra~3/matlab/suppor~1/r2021b/3p778c~1.ins/gnuarm~1.ins/win/bin/../lib/gcc/arm-none-eabi/9.3.1/../../../../arm-none-eabi/lib/thumb/v7e-m+fp/hard\libm.a(lib_a-w_fmod.o) (__fdlib_version)
c:/progra~3/matlab/suppor~1/r2021b/3p778c~1.ins/gnuarm~1.ins/win/bin/../lib/gcc/arm-none-eabi/9.3.1/thumb/v7e-m+fp/hard\libgcc.a(_arm_muldf3.o)
                              top_level_algo.o (__aeabi_dmul)
c:/progra~3/matlab/suppor~1/r2021b/3p778c~1.ins/gnuarm~1.ins/win/bin/../lib/gcc/arm-none-eabi/9.3.1/thumb/v7e-m+fp/hard\libgcc.a(_arm_addsubdf3.o)
                              top_level_algo.o (__aeabi_dsub)
c:/progra~3/matlab/suppor~1/r2021b/3p778c~1.ins/gnuarm~1.ins/win/bin/../lib/gcc/arm-none-eabi/9.3.1/thumb/v7e-m+fp/hard\libgcc.a(_arm_muldivdf3.o)
                              top_level_algo.o (__aeabi_ddiv)
c:/progra~3/matlab/suppor~1/r2021b/3p778c~1.ins/gnuarm~1.ins/win/bin/../lib/gcc/arm-none-eabi/9.3.1/thumb/v7e-m+fp/hard\libgcc.a(_arm_cmpdf2.o)
                              rt_nonfinite.o (__aeabi_dcmpeq)
c:/progra~3/matlab/suppor~1/r2021b/3p778c~1.ins/gnuarm~1.ins/win/bin/../lib/gcc/arm-none-eabi/9.3.1/thumb/v7e-m+fp/hard\libgcc.a(_arm_unorddf2.o)
                              c:/progra~3/matlab/suppor~1/r2021b/3p778c~1.ins/gnuarm~1.ins/win/bin/../lib/gcc/arm-none-eabi/9.3.1/../../../../arm-none-eabi/lib/thumb/v7e-m+fp/hard\libm.a(lib_a-w_fmod.o) (__aeabi_dcmpun)
c:/progra~3/matlab/suppor~1/r2021b/3p778c~1.ins/gnuarm~1.ins/win/bin/../lib/gcc/arm-none-eabi/9.3.1/thumb/v7e-m+fp/hard\libgcc.a(_arm_fixunsdfsi.o)
                              top_level_algo.o (__aeabi_d2uiz)
c:/progra~3/matlab/suppor~1/r2021b/3p778c~1.ins/gnuarm~1.ins/win/bin/../lib/gcc/arm-none-eabi/9.3.1/thumb/v7e-m+fp/hard\libgcc.a(_aeabi_ldivmod.o)
                              stm32f4xx_hal_rcc.o (__aeabi_ldivmod)
c:/progra~3/matlab/suppor~1/r2021b/3p778c~1.ins/gnuarm~1.ins/win/bin/../lib/gcc/arm-none-eabi/9.3.1/thumb/v7e-m+fp/hard\libgcc.a(_aeabi_uldivmod.o)
                              stm32f4xx_hal_rcc.o (__aeabi_uldivmod)
c:/progra~3/matlab/suppor~1/r2021b/3p778c~1.ins/gnuarm~1.ins/win/bin/../lib/gcc/arm-none-eabi/9.3.1/thumb/v7e-m+fp/hard\libgcc.a(_udivmoddi4.o)
                              c:/progra~3/matlab/suppor~1/r2021b/3p778c~1.ins/gnuarm~1.ins/win/bin/../lib/gcc/arm-none-eabi/9.3.1/thumb/v7e-m+fp/hard\libgcc.a(_aeabi_ldivmod.o) (__udivmoddi4)
c:/progra~3/matlab/suppor~1/r2021b/3p778c~1.ins/gnuarm~1.ins/win/bin/../lib/gcc/arm-none-eabi/9.3.1/thumb/v7e-m+fp/hard\libgcc.a(_dvmd_tls.o)
                              c:/progra~3/matlab/suppor~1/r2021b/3p778c~1.ins/gnuarm~1.ins/win/bin/../lib/gcc/arm-none-eabi/9.3.1/thumb/v7e-m+fp/hard\libgcc.a(_aeabi_ldivmod.o) (__aeabi_ldiv0)
c:/progra~3/matlab/suppor~1/r2021b/3p778c~1.ins/gnuarm~1.ins/win/bin/../lib/gcc/arm-none-eabi/9.3.1/../../../../arm-none-eabi/lib/thumb/v7e-m+fp/hard\libc_nano.a(lib_a-errno.o)
                              syscalls.o (__errno)
c:/progra~3/matlab/suppor~1/r2021b/3p778c~1.ins/gnuarm~1.ins/win/bin/../lib/gcc/arm-none-eabi/9.3.1/../../../../arm-none-eabi/lib/thumb/v7e-m+fp/hard\libc_nano.a(lib_a-exit.o)
                              c:/progra~3/matlab/suppor~1/r2021b/3p778c~1.ins/gnuarm~1.ins/win/bin/../lib/gcc/arm-none-eabi/9.3.1/../../../../arm-none-eabi/lib/thumb/v7e-m+fp/hard/crt0.o (exit)
c:/progra~3/matlab/suppor~1/r2021b/3p778c~1.ins/gnuarm~1.ins/win/bin/../lib/gcc/arm-none-eabi/9.3.1/../../../../arm-none-eabi/lib/thumb/v7e-m+fp/hard\libc_nano.a(lib_a-impure.o)
[...]
Memory Configuration

Name             Origin             Length             Attributes
RAM              0x20000000         0x00030000         xrw
CCMRAM           0x10000000         0x00010000         xrw
FLASH            0x08000000         0x00200000         xr
*default*        0x00000000         0xffffffff

Linker script and memory map

LOAD c:/progra~3/matlab/suppor~1/r2021b/3p778c~1.ins/gnuarm~1.ins/win/bin/../lib/gcc/arm-none-eabi/9.3.1/thumb/v7e-m+fp/hard/crti.o
LOAD c:/progra~3/matlab/suppor~1/r2021b/3p778c~1.ins/gnuarm~1.ins/win/bin/../lib/gcc/arm-none-eabi/9.3.1/thumb/v7e-m+fp/hard/crtbegin.o
LOAD c:/progra~3/matlab/suppor~1/r2021b/3p778c~1.ins/gnuarm~1.ins/win/bin/../lib/gcc/arm-none-eabi/9.3.1/../../../../arm-none-eabi/lib/thumb/v7e-m+fp/hard/crt0.o
LOAD stm_adc_ll.o
LOAD ert_main.o
LOAD rtGetInf.o
LOAD rtGetNaN.o
LOAD rt_nonfinite.o
LOAD top_level_algo.o
LOAD top_level_algo_data.o
LOAD overrideHALDelay.o
LOAD SysTickScheduler.o
LOAD m3m4m4f_multitasking.o
LOAD main.o
LOAD stm32f4xx_it.o
LOAD stm32f4xx_hal_msp.o
LOAD stm32f4xx_hal_timebase_tim.o
LOAD stm32f4xx_ll_gpio.o
LOAD stm32f4xx_ll_adc.o
LOAD stm32f4xx_ll_dma.o
LOAD stm32f4xx_ll_rcc.o
LOAD stm32f4xx_ll_utils.o
LOAD stm32f4xx_ll_exti.o
LOAD stm32f4xx_hal_rcc.o
LOAD stm32f4xx_hal_rcc_ex.o
LOAD stm32f4xx_hal_flash.o
LOAD stm32f4xx_hal_flash_ex.o
LOAD stm32f4xx_hal_flash_ramfunc.o
LOAD stm32f4xx_hal_gpio.o
LOAD stm32f4xx_hal_dma_ex.o
LOAD stm32f4xx_hal_dma.o
LOAD stm32f4xx_hal_pwr.o
LOAD stm32f4xx_hal_pwr_ex.o
LOAD stm32f4xx_hal_cortex.o
LOAD stm32f4xx_hal.o
LOAD stm32f4xx_hal_exti.o
LOAD stm32f4xx_ll_i2c.o
LOAD stm32f4xx_ll_spi.o
LOAD stm32f4xx_hal_tim.o
LOAD stm32f4xx_hal_tim_ex.o
LOAD stm32f4xx_ll_tim.o
LOAD stm32f4xx_ll_usart.o
LOAD system_stm32f4xx.o
LOAD startup_stm32f429xx.o
LOAD syscalls.o
LOAD C:/ProgramData/MATLAB/SupportPackages/R2021b/3P.instrset/cmsis.instrset/CMSIS/DSP/Lib/GCC/libarm_cortexM4lf_math.a
LOAD c:/progra~3/matlab/suppor~1/r2021b/3p778c~1.ins/gnuarm~1.ins/win/bin/../lib/gcc/arm-none-eabi/9.3.1/../../../../arm-none-eabi/lib/thumb/v7e-m+fp/hard\libstdc++_nano.a
LOAD c:/progra~3/matlab/suppor~1/r2021b/3p778c~1.ins/gnuarm~1.ins/win/bin/../lib/gcc/arm-none-eabi/9.3.1/../../../../arm-none-eabi/lib/thumb/v7e-m+fp/hard\libm.a
START GROUP
LOAD c:/progra~3/matlab/suppor~1/r2021b/3p778c~1.ins/gnuarm~1.ins/win/bin/../lib/gcc/arm-none-eabi/9.3.1/thumb/v7e-m+fp/hard\libgcc.a
LOAD c:/progra~3/matlab/suppor~1/r2021b/3p778c~1.ins/gnuarm~1.ins/win/bin/../lib/gcc/arm-none-eabi/9.3.1/../../../../arm-none-eabi/lib/thumb/v7e-m+fp/hard\libc_nano.a
END GROUP
START GROUP
LOAD c:/progra~3/matlab/suppor~1/r2021b/3p778c~1.ins/gnuarm~1.ins/win/bin/../lib/gcc/arm-none-eabi/9.3.1/thumb/v7e-m+fp/hard\libgcc.a
LOAD c:/progra~3/matlab/suppor~1/r2021b/3p778c~1.ins/gnuarm~1.ins/win/bin/../lib/gcc/arm-none-eabi/9.3.1/../../../../arm-none-eabi/lib/thumb/v7e-m+fp/hard\libc_nano.a
LOAD c:/progra~3/matlab/suppor~1/r2021b/3p778c~1.ins/gnuarm~1.ins/win/bin/../lib/gcc/arm-none-eabi/9.3.1/../../../../arm-none-eabi/lib/thumb/v7e-m+fp/hard\libnosys.a
END GROUP
START GROUP
LOAD c:/progra~3/matlab/suppor~1/r2021b/3p778c~1.ins/gnuarm~1.ins/win/bin/../lib/gcc/arm-none-eabi/9.3.1/thumb/v7e-m+fp/hard\libgcc.a
LOAD c:/progra~3/matlab/suppor~1/r2021b/3p778c~1.ins/gnuarm~1.ins/win/bin/../lib/gcc/arm-none-eabi/9.3.1/../../../../arm-none-eabi/lib/thumb/v7e-m+fp/hard\libc_nano.a
LOAD c:/progra~3/matlab/suppor~1/r2021b/3p778c~1.ins/gnuarm~1.ins/win/bin/../lib/gcc/arm-none-eabi/9.3.1/../../../../arm-none-eabi/lib/thumb/v7e-m+fp/hard\libnosys.a
END GROUP
LOAD c:/progra~3/matlab/suppor~1/r2021b/3p778c~1.ins/gnuarm~1.ins/win/bin/../lib/gcc/arm-none-eabi/9.3.1/thumb/v7e-m+fp/hard/crtend.o
LOAD c:/progra~3/matlab/suppor~1/r2021b/3p778c~1.ins/gnuarm~1.ins/win/bin/../lib/gcc/arm-none-eabi/9.3.1/thumb/v7e-m+fp/hard/crtn.o
                0x20030000                _estack = 0x20030000
                0x00000200                _Min_Heap_Size = 0x200
                0x00000400                _Min_Stack_Size = 0x400

.isr_vector     0x08000000      0x1ac
                0x08000000                . = ALIGN (0x4)
 *(.isr_vector)
 .isr_vector    0x08000000      0x1ac startup_stm32f429xx.o
                0x08000000                g_pfnVectors
                0x080001ac                . = ALIGN (0x4)

.text           0x080001b0     0x4abc
                0x080001b0                . = ALIGN (0x4)
 *(.text)
 .text          0x080001b0       0x40 c:/progra~3/matlab/suppor~1/r2021b/3p778c~1.ins/gnuarm~1.ins/win/bin/../lib/gcc/arm-none-eabi/9.3.1/thumb/v7e-m+fp/hard/crtbegin.o
 .text          0x080001f0      0x378 c:/progra~3/matlab/suppor~1/r2021b/3p778c~1.ins/gnuarm~1.ins/win/bin/../lib/gcc/arm-none-eabi/9.3.1/thumb/v7e-m+fp/hard\libgcc.a(_arm_addsubdf3.o)
                0x080001f0                __aeabi_drsub
                0x080001f8                __aeabi_dsub
                0x080001f8                __subdf3
                0x080001fc                __aeabi_dadd
                0x080001fc                __adddf3
                0x08000474                __floatunsidf
                0x08000474                __aeabi_ui2d
                0x08000494                __floatsidf
                0x08000494                __aeabi_i2d
                0x080004b8                __aeabi_f2d
                0x080004b8                __extendsfdf2
                0x080004fc                __floatundidf
                0x080004fc                __aeabi_ul2d
                0x0800050c                __floatdidf
                0x0800050c                __aeabi_l2d
 .text          0x08000568      0x424 c:/progra~3/matlab/suppor~1/r2021b/3p778c~1.ins/gnuarm~1.ins/win/bin/../lib/gcc/arm-none-eabi/9.3.1/thumb/v7e-m+fp/hard\libgcc.a(_arm_muldivdf3.o)
                0x08000568                __aeabi_dmul
                0x08000568                __muldf3
                0x080007bc                __divdf3
                0x080007bc                __aeabi_ddiv
 .text          0x0800098c      0x110 c:/progra~3/matlab/suppor~1/r2021b/3p778c~1.ins/gnuarm~1.ins/win/bin/../lib/gcc/arm-none-eabi/9.3.1/thumb/v7e-m+fp/hard\libgcc.a(_arm_cmpdf2.o)
                0x0800098c                __gtdf2
                0x0800098c                __gedf2
                0x08000994                __ltdf2
                0x08000994                __ledf2
                0x0800099c                __nedf2
                0x0800099c                __eqdf2
                0x0800099c                __cmpdf2
                0x08000a18                __aeabi_cdrcmple
                0x08000a28                __aeabi_cdcmpeq
                0x08000a28                __aeabi_cdcmple
                0x08000a38                __aeabi_dcmpeq
                0x08000a4c                __aeabi_dcmplt
                0x08000a60                __aeabi_dcmple
                0x08000a74                __aeabi_dcmpge
                0x08000a88                __aeabi_dcmpgt
 .text          0x08000a9c       0x2c c:/progra~3/matlab/suppor~1/r2021b/3p778c~1.ins/gnuarm~1.ins/win/bin/../lib/gcc/arm-none-eabi/9.3.1/thumb/v7e-m+fp/hard\libgcc.a(_arm_unorddf2.o)
                0x08000a9c                __unorddf2
                0x08000a9c                __aeabi_dcmpun
 .text          0x08000ac8       0x40 c:/progra~3/matlab/suppor~1/r2021b/3p778c~1.ins/gnuarm~1.ins/win/bin/../lib/gcc/arm-none-eabi/9.3.1/thumb/v7e-m+fp/hard\libgcc.a(_arm_fixunsdfsi.o)
                0x08000ac8                __aeabi_d2uiz
                0x08000ac8                __fixunsdfsi
 .text          0x08000b08       0x30 c:/progra~3/matlab/suppor~1/r2021b/3p778c~1.ins/gnuarm~1.ins/win/bin/../lib/gcc/arm-none-eabi/9.3.1/thumb/v7e-m+fp/hard\libgcc.a(_aeabi_uldivmod.o)
                0x08000b08                __aeabi_uldivmod
 .text          0x08000b38      0x2c4 c:/progra~3/matlab/suppor~1/r2021b/3p778c~1.ins/gnuarm~1.ins/win/bin/../lib/gcc/arm-none-eabi/9.3.1/thumb/v7e-m+fp/hard\libgcc.a(_udivmoddi4.o)
                0x08000b38                __udivmoddi4
 .text          0x08000dfc        0x4 c:/progra~3/matlab/suppor~1/r2021b/3p778c~1.ins/gnuarm~1.ins/win/bin/../lib/gcc/arm-none-eabi/9.3.1/thumb/v7e-m+fp/hard\libgcc.a(_dvmd_tls.o)
                0x08000dfc                __aeabi_idiv0
                0x08000dfc                __aeabi_ldiv0
 *(.text*)
 .text.DMA2_Stream0_IRQHandler
                0x08000e00       0xf0 stm_adc_ll.o
                0x08000e00                DMA2_Stream0_IRQHandler
 .text.ADC_IRQHandler
                0x08000ef0        0x4 stm_adc_ll.o
                0x08000ef0                ADC_IRQHandler
 .text.ADC_Handle_Init
                0x08000ef4      0x100 stm_adc_ll.o
                0x08000ef4                ADC_Handle_Init
 .text.regularReadADCDMA
                0x08000ff4      0x134 stm_adc_ll.o
                0x08000ff4                regularReadADCDMA
 .text.ADC_Handle_Deinit
                0x08001128       0xa4 stm_adc_ll.o
                0x08001128                ADC_Handle_Deinit
 .text.rt_OneStep
                0x080011cc       0x30 ert_main.o
                0x080011cc                rt_OneStep
 .text.startup.main
                0x080011fc       0x98 ert_main.o
                0x080011fc                main
 *fill*         0x08001294        0x4 
 .text.rtGetInf
                0x08001298       0x10 rtGetInf.o
                0x08001298                rtGetInf
 .text.rtGetInfF
                0x080012a8        0xc rtGetInf.o
                0x080012a8                rtGetInfF
 *fill*         0x080012b4        0x4 
 .text.rtGetMinusInf
                0x080012b8       0x10 rtGetInf.o
                0x080012b8                rtGetMinusInf
 .text.rtGetMinusInfF
                0x080012c8        0xc rtGetInf.o
                0x080012c8                rtGetMinusInfF
 *fill*         0x080012d4        0x4 
 .text.rtGetNaN
                0x080012d8       0x10 rtGetNaN.o
                0x080012d8                rtGetNaN
 .text.rtGetNaNF
                0x080012e8        0xc rtGetNaN.o
                0x080012e8                rtGetNaNF
 .text.rt_InitInfAndNaN
                0x080012f4       0x58 rt_nonfinite.o
                0x080012f4                rt_InitInfAndNaN
 .text.rtIsInf  0x0800134c       0x3c rt_nonfinite.o
                0x0800134c                rtIsInf
 .text.rtIsNaN  0x08001388       0x24 rt_nonfinite.o
                0x08001388                rtIsNaN
 .text.rt_modd_snf
                0x080013ac      0x200 top_level_algo.o
                0x080013ac                rt_modd_snf
 *fill*         0x080015ac        0x4 
 .text.top_level_algo_step
                0x080015b0     0x1538 top_level_algo.o
                0x080015b0                top_level_algo_step
 .text.top_level_algo_initialize
                0x08002ae8      0x1f0 top_level_algo.o
                0x08002ae8                top_level_algo_initialize
 .text.top_level_algo_terminate
                0x08002cd8       0x24 top_level_algo.o
                0x08002cd8                top_level_algo_terminate
 .text.SysTick_Isr
                0x08002cfc       0x38 SysTickScheduler.o
 .text.SysTick_Handler
                0x08002d34       0x10 SysTickScheduler.o
                0x08002d34                SysTick_Handler
 .text.ARMCM_SysTick_Config
                0x08002d44       0xb8 SysTickScheduler.o
                0x08002d44                ARMCM_SysTick_Config
 .text.PendSV_Handler
                0x08002dfc       0x44 m3m4m4f_multitasking.o
                0x08002dfc                PendSV_Handler
 .text.SVC_Handler
                0x08002e40       0x58 m3m4m4f_multitasking.o
                0x08002e40                SVC_Handler
 .text.SystemClock_Config
                0x08002e98       0xd0 main.o
                0x08002e98                SystemClock_Config
 .text.MX_ADC3_Init
                0x08002f68      0x168 main.o
                0x08002f68                MX_ADC3_Init
 .text.MX_I2C3_Init
                0x080030d0       0xf0 main.o
                0x080030d0                MX_I2C3_Init
 .text.MX_SPI5_Init
                0x080031c0       0xa0 main.o
                0x080031c0                MX_SPI5_Init
 .text.MX_TIM1_Init
                0x08003260       0x68 main.o
                0x08003260                MX_TIM1_Init
 .text.MX_USART1_UART_Init
                0x080032c8       0xfc main.o
                0x080032c8                MX_USART1_UART_Init
 .text.MX_DMA_Init
                0x080033c4       0x44 main.o
                0x080033c4                MX_DMA_Init
 .text.MX_GPIO_Init
                0x08003408      0x5b8 main.o
                0x08003408                MX_GPIO_Init
 .text.HAL_TIM_PeriodElapsedCallback
                0x080039c0       0x14 main.o
                0x080039c0                HAL_TIM_PeriodElapsedCallback
 .text.NMI_Handler
                0x080039d4        0x4 stm32f4xx_it.o
                0x080039d4                NMI_Handler
 .text.HardFault_Handler
                0x080039d8        0x4 stm32f4xx_it.o
                0x080039d8                HardFault_Handler
 .text.MemManage_Handler
                0x080039dc        0x4 stm32f4xx_it.o
                0x080039dc                MemManage_Handler
 .text.BusFault_Handler
                0x080039e0        0x4 stm32f4xx_it.o
                0x080039e0                BusFault_Handler
 .text.UsageFault_Handler
                0x080039e4        0x4 stm32f4xx_it.o
                0x080039e4                UsageFault_Handler
 .text.DebugMon_Handler
                0x080039e8        0x4 stm32f4xx_it.o
                0x080039e8                DebugMon_Handler
 .text.TIM5_IRQHandler
                0x080039ec        0xc stm32f4xx_it.o
                0x080039ec                TIM5_IRQHandler
 .text.DMA2_Stream2_IRQHandler
                0x080039f8        0x4 stm32f4xx_it.o
                0x080039f8                DMA2_Stream2_IRQHandler
 .text.HAL_MspInit
                0x080039fc       0x40 stm32f4xx_hal_msp.o
                0x080039fc                HAL_MspInit
 .text.HAL_InitTick
                0x08003a3c       0x80 stm32f4xx_hal_timebase_tim.o
                0x08003a3c                HAL_InitTick
 .text.LL_GPIO_Init
                0x08003abc      0x170 stm32f4xx_ll_gpio.o
                0x08003abc                LL_GPIO_Init
 .text.LL_ADC_CommonInit
                0x08003c2c       0x60 stm32f4xx_ll_adc.o
                0x08003c2c                LL_ADC_CommonInit
 .text.LL_ADC_Init
                0x08003c8c       0x34 stm32f4xx_ll_adc.o
                0x08003c8c                LL_ADC_Init
 .text.LL_ADC_REG_Init
                0x08003cc0       0x50 stm32f4xx_ll_adc.o
                0x08003cc0                LL_ADC_REG_Init
 .text.LL_RCC_GetSystemClocksFreq
                0x08003d10       0x94 stm32f4xx_ll_rcc.o
                0x08003d10                LL_RCC_GetSystemClocksFreq
 .text.LL_SetSystemCoreClock
                0x08003da4        0xc stm32f4xx_ll_utils.o
                0x08003da4                LL_SetSystemCoreClock
 .text.LL_EXTI_Init
                0x08003db0       0xbc stm32f4xx_ll_exti.o
                0x08003db0                LL_EXTI_Init
 .text.HAL_RCC_GetPCLK1Freq
                0x08003e6c       0x20 stm32f4xx_hal_rcc.o
                0x08003e6c                HAL_RCC_GetPCLK1Freq
 .text.HAL_RCC_GetClockConfig
                0x08003e8c       0x44 stm32f4xx_hal_rcc.o
                0x08003e8c                HAL_RCC_GetClockConfig
 .text.HAL_NVIC_SetPriorityGrouping
                0x08003ed0       0x28 stm32f4xx_hal_cortex.o
                0x08003ed0                HAL_NVIC_SetPriorityGrouping
 .text.HAL_NVIC_SetPriority
                0x08003ef8       0x70 stm32f4xx_hal_cortex.o
                0x08003ef8                HAL_NVIC_SetPriority
 .text.HAL_NVIC_EnableIRQ
                0x08003f68       0x1c stm32f4xx_hal_cortex.o
                0x08003f68                HAL_NVIC_EnableIRQ
 .text.HAL_Init
                0x08003f84       0x34 stm32f4xx_hal.o
                0x08003f84                HAL_Init
 .text.HAL_IncTick
                0x08003fb8       0x18 stm32f4xx_hal.o
                0x08003fb8                HAL_IncTick
 .text.LL_I2C_Init
                0x08003fd0      0x10c stm32f4xx_ll_i2c.o
                0x08003fd0                LL_I2C_Init
 .text.LL_SPI_Init
                0x080040dc       0x6c stm32f4xx_ll_spi.o
                0x080040dc                LL_SPI_Init
 .text.HAL_TIM_Base_MspInit
                0x08004148        0x4 stm32f4xx_hal_tim.o
                0x08004148                HAL_TIM_Base_MspInit
 .text.HAL_TIM_Base_Init
                0x0800414c      0x11c stm32f4xx_hal_tim.o
                0x0800414c                HAL_TIM_Base_Init
 .text.HAL_TIM_Base_Start_IT
                0x08004268       0x78 stm32f4xx_hal_tim.o
                0x08004268                HAL_TIM_Base_Start_IT
 .text.HAL_TIM_OC_DelayElapsedCallback
                0x080042e0        0x4 stm32f4xx_hal_tim.o
                0x080042e0                HAL_TIM_OC_DelayElapsedCallback
 .text.HAL_TIM_IC_CaptureCallback
                0x080042e4        0x4 stm32f4xx_hal_tim.o
                0x080042e4                HAL_TIM_IC_CaptureCallback
 .text.HAL_TIM_PWM_PulseFinishedCallback
                0x080042e8        0x4 stm32f4xx_hal_tim.o
                0x080042e8                HAL_TIM_PWM_PulseFinishedCallback
 .text.HAL_TIM_TriggerCallback
                0x080042ec        0x4 stm32f4xx_hal_tim.o
                0x080042ec                HAL_TIM_TriggerCallback
 .text.HAL_TIM_IRQHandler
                0x080042f0      0x154 stm32f4xx_hal_tim.o
                0x080042f0                HAL_TIM_IRQHandler
 .text.HAL_TIMEx_CommutCallback
                0x08004444        0x4 stm32f4xx_hal_tim_ex.o
                0x08004444                HAL_TIMEx_CommutCallback
 .text.HAL_TIMEx_BreakCallback
                0x08004448        0x4 stm32f4xx_hal_tim_ex.o
                0x08004448                HAL_TIMEx_BreakCallback
 .text.LL_TIM_Init
                0x0800444c       0xb8 stm32f4xx_ll_tim.o
                0x0800444c                LL_TIM_Init
 .text.LL_USART_Init
                0x08004504      0x124 stm32f4xx_ll_usart.o
                0x08004504                LL_USART_Init
 .text.SystemInit
                0x08004628       0x14 system_stm32f4xx.o
                0x08004628                SystemInit
 .text.Reset_Handler
                0x0800463c       0x50 startup_stm32f429xx.o
                0x0800463c                Reset_Handler
 .text.Default_Handler
                0x0800468c        0x2 startup_stm32f429xx.o
                0x0800468c                RTC_Alarm_IRQHandler
                0x0800468c                HASH_RNG_IRQHandler
                0x0800468c                EXTI2_IRQHandler
                0x0800468c                TIM8_CC_IRQHandler
                0x0800468c                UART8_IRQHandler
                0x0800468c                SPI4_IRQHandler
                0x0800468c                TIM1_CC_IRQHandler
                0x0800468c                DMA2_Stream5_IRQHandler
                0x0800468c                DMA1_Stream5_IRQHandler
                0x0800468c                PVD_IRQHandler
                0x0800468c                SDIO_IRQHandler
                0x0800468c                TAMP_STAMP_IRQHandler
                0x0800468c                CAN2_RX1_IRQHandler
                0x0800468c                EXTI3_IRQHandler
                0x0800468c                TIM8_TRG_COM_TIM14_IRQHandler
                0x0800468c                TIM1_UP_TIM10_IRQHandler
                0x0800468c                TIM8_UP_TIM13_IRQHandler
                0x0800468c                I2C3_ER_IRQHandler
                0x0800468c                EXTI0_IRQHandler
                0x0800468c                I2C2_EV_IRQHandler
                0x0800468c                DMA1_Stream2_IRQHandler
                0x0800468c                CAN1_RX0_IRQHandler
                0x0800468c                FPU_IRQHandler
                0x0800468c                OTG_HS_WKUP_IRQHandler
                0x0800468c                LTDC_ER_IRQHandler
                0x0800468c                CAN2_SCE_IRQHandler
                0x0800468c                SPI1_IRQHandler
                0x0800468c                TIM6_DAC_IRQHandler
                0x0800468c                TIM1_BRK_TIM9_IRQHandler
                0x0800468c                DCMI_IRQHandler
                0x0800468c                CAN2_RX0_IRQHandler
                0x0800468c                DMA2_Stream3_IRQHandler
                0x0800468c                USART6_IRQHandler
                0x0800468c                USART3_IRQHandler
                0x0800468c                CAN1_RX1_IRQHandler
                0x0800468c                UART5_IRQHandler
                0x0800468c                TIM4_IRQHandler
                0x0800468c                I2C1_EV_IRQHandler
                0x0800468c                DMA1_Stream6_IRQHandler
                0x0800468c                DMA1_Stream1_IRQHandler
                0x0800468c                UART4_IRQHandler
                0x0800468c                TIM3_IRQHandler
                0x0800468c                RCC_IRQHandler
                0x0800468c                TIM8_BRK_TIM12_IRQHandler
                0x0800468c                Default_Handler
                0x0800468c                EXTI15_10_IRQHandler
                0x0800468c                DMA1_Stream7_IRQHandler
                0x0800468c                SPI5_IRQHandler
                0x0800468c                TIM7_IRQHandler
                0x0800468c                CAN2_TX_IRQHandler
                0x0800468c                DMA2_Stream7_IRQHandler
                0x0800468c                I2C3_EV_IRQHandler
                0x0800468c                EXTI9_5_IRQHandler
                0x0800468c                RTC_WKUP_IRQHandler
                0x0800468c                LTDC_IRQHandler
                0x0800468c                ETH_WKUP_IRQHandler
                0x0800468c                SPI2_IRQHandler
                0x0800468c                OTG_HS_EP1_IN_IRQHandler
                0x0800468c                DMA1_Stream0_IRQHandler
                0x0800468c                CAN1_TX_IRQHandler
                0x0800468c                EXTI4_IRQHandler
                0x0800468c                ETH_IRQHandler
                0x0800468c                OTG_HS_EP1_OUT_IRQHandler
                0x0800468c                WWDG_IRQHandler
                0x0800468c                SPI6_IRQHandler
                0x0800468c                TIM2_IRQHandler
                0x0800468c                OTG_FS_WKUP_IRQHandler
                0x0800468c                TIM1_TRG_COM_TIM11_IRQHandler
                0x0800468c                OTG_HS_IRQHandler
                0x0800468c                DMA2D_IRQHandler
                0x0800468c                EXTI1_IRQHandler
                0x0800468c                UART7_IRQHandler
                0x0800468c                USART2_IRQHandler
                0x0800468c                I2C2_ER_IRQHandler
                0x0800468c                DMA2_Stream1_IRQHandler
                0x0800468c                CAN1_SCE_IRQHandler
                0x0800468c                FLASH_IRQHandler
                0x0800468c                DMA2_Stream4_IRQHandler
                0x0800468c                USART1_IRQHandler
                0x0800468c                OTG_FS_IRQHandler
                0x0800468c                SPI3_IRQHandler
                0x0800468c                DMA1_Stream4_IRQHandler
                0x0800468c                I2C1_ER_IRQHandler
                0x0800468c                FMC_IRQHandler
                0x0800468c                DMA2_Stream6_IRQHandler
                0x0800468c                SAI1_IRQHandler
                0x0800468c                DMA1_Stream3_IRQHandler
 *fill*         0x0800468e        0x2 
 .text.ceil     0x08004690      0x100 c:/progra~3/matlab/suppor~1/r2021b/3p778c~1.ins/gnuarm~1.ins/win/bin/../lib/gcc/arm-none-eabi/9.3.1/../../../../arm-none-eabi/lib/thumb/v7e-m+fp/hard\libm.a(lib_a-s_ceil.o)
                0x08004690                ceil
 .text.floor    0x08004790      0x108 c:/progra~3/matlab/suppor~1/r2021b/3p778c~1.ins/gnuarm~1.ins/win/bin/../lib/gcc/arm-none-eabi/9.3.1/../../../../arm-none-eabi/lib/thumb/v7e-m+fp/hard\libm.a(lib_a-s_floor.o)
                0x08004790                floor
 .text.fmod     0x08004898       0x88 c:/progra~3/matlab/suppor~1/r2021b/3p778c~1.ins/gnuarm~1.ins/win/bin/../lib/gcc/arm-none-eabi/9.3.1/../../../../arm-none-eabi/lib/thumb/v7e-m+fp/hard\libm.a(lib_a-w_fmod.o)
                0x08004898                fmod
 .text.__ieee754_fmod
                0x08004920      0x280 c:/progra~3/matlab/suppor~1/r2021b/3p778c~1.ins/gnuarm~1.ins/win/bin/../lib/gcc/arm-none-eabi/9.3.1/../../../../arm-none-eabi/lib/thumb/v7e-m+fp/hard\libm.a(lib_a-e_fmod.o)
                0x08004920                __ieee754_fmod
 .text.__errno  0x08004ba0        0xc c:/progra~3/matlab/suppor~1/r2021b/3p778c~1.ins/gnuarm~1.ins/win/bin/../lib/gcc/arm-none-eabi/9.3.1/../../../../arm-none-eabi/lib/thumb/v7e-m+fp/hard\libc_nano.a(lib_a-errno.o)
                0x08004ba0                __errno
 .text.__libc_init_array
                0x08004bac       0x48 c:/progra~3/matlab/suppor~1/r2021b/3p778c~1.ins/gnuarm~1.ins/win/bin/../lib/gcc/arm-none-eabi/9.3.1/../../../../arm-none-eabi/lib/thumb/v7e-m+fp/hard\libc_nano.a(lib_a-init.o)
                0x08004bac                __libc_init_array
 .text.memcpy   0x08004bf4       0x1c c:/progra~3/matlab/suppor~1/r2021b/3p778c~1.ins/gnuarm~1.ins/win/bin/../lib/gcc/arm-none-eabi/9.3.1/../../../../arm-none-eabi/lib/thumb/v7e-m+fp/hard\libc_nano.a(lib_a-memcpy-stub.o)
                0x08004bf4                memcpy
 .text.memmove  0x08004c10       0x34 c:/progra~3/matlab/suppor~1/r2021b/3p778c~1.ins/gnuarm~1.ins/win/bin/../lib/gcc/arm-none-eabi/9.3.1/../../../../arm-none-eabi/lib/thumb/v7e-m+fp/hard\libc_nano.a(lib_a-memmove.o)
                0x08004c10                memmove
 .text.memset   0x08004c44       0x10 c:/progra~3/matlab/suppor~1/r2021b/3p778c~1.ins/gnuarm~1.ins/win/bin/../lib/gcc/arm-none-eabi/9.3.1/../../../../arm-none-eabi/lib/thumb/v7e-m+fp/hard\libc_nano.a(lib_a-memset.o)
                0x08004c44                memset
 *(.glue_7)
 .glue_7        0x08004c54        0x0 linker stubs
 *(.glue_7t)
 .glue_7t       0x08004c54        0x0 linker stubs
 *(.eh_frame)
 .eh_frame      0x08004c54        0x0 c:/progra~3/matlab/suppor~1/r2021b/3p778c~1.ins/gnuarm~1.ins/win/bin/../lib/gcc/arm-none-eabi/9.3.1/thumb/v7e-m+fp/hard/crtbegin.o
 *(.init)
 .init          0x08004c54        0x4 c:/progra~3/matlab/suppor~1/r2021b/3p778c~1.ins/gnuarm~1.ins/win/bin/../lib/gcc/arm-none-eabi/9.3.1/thumb/v7e-m+fp/hard/crti.o
                0x08004c54                _init
 .init          0x08004c58        0x8 c:/progra~3/matlab/suppor~1/r2021b/3p778c~1.ins/gnuarm~1.ins/win/bin/../lib/gcc/arm-none-eabi/9.3.1/thumb/v7e-m+fp/hard/crtn.o
 *(.fini)
 .fini          0x08004c60        0x4 c:/progra~3/matlab/suppor~1/r2021b/3p778c~1.ins/gnuarm~1.ins/win/bin/../lib/gcc/arm-none-eabi/9.3.1/thumb/v7e-m+fp/hard/crti.o
                0x08004c60                _fini
 .fini          0x08004c64        0x8 c:/progra~3/matlab/suppor~1/r2021b/3p778c~1.ins/gnuarm~1.ins/win/bin/../lib/gcc/arm-none-eabi/9.3.1/thumb/v7e-m+fp/hard/crtn.o
                0x08004c6c                . = ALIGN (0x4)
                0x08004c6c                _etext = .

.vfp11_veneer   0x08004c6c        0x0
 .vfp11_veneer  0x08004c6c        0x0 linker stubs

.v4_bx          0x08004c6c        0x0
 .v4_bx         0x08004c6c        0x0 linker stubs

.iplt           0x08004c6c        0x0
 .iplt          0x08004c6c        0x0 c:/progra~3/matlab/suppor~1/r2021b/3p778c~1.ins/gnuarm~1.ins/win/bin/../lib/gcc/arm-none-eabi/9.3.1/thumb/v7e-m+fp/hard/crtbegin.o

.rodata         0x08004c70       0x48
                0x08004c70                . = ALIGN (0x4)
 *(.rodata)
 *(.rodata*)
 .rodata.STREAM_OFFSET_TAB
                0x08004c70        0x8 stm_adc_ll.o
 .rodata.top_level_algo_initialize.str1.4
                0x08004c78       0x12 top_level_algo.o
 *fill*         0x08004c8a        0x2 
 .rodata.top_level_algo_M
                0x08004c8c        0x4 top_level_algo.o
                0x08004c8c                top_level_algo_M
 .rodata.AHBPrescTable
                0x08004c90       0x10 system_stm32f4xx.o
                0x08004c90                AHBPrescTable
 .rodata.APBPrescTable
                0x08004ca0        0x8 system_stm32f4xx.o
                0x08004ca0                APBPrescTable
 .rodata.Zero   0x08004ca8       0x10 c:/progra~3/matlab/suppor~1/r2021b/3p778c~1.ins/gnuarm~1.ins/win/bin/../lib/gcc/arm-none-eabi/9.3.1/../../../../arm-none-eabi/lib/thumb/v7e-m+fp/hard\libm.a(lib_a-e_fmod.o)
                0x08004cb8                . = ALIGN (0x4)

.ARM.extab
 *(.ARM.extab* .gnu.linkonce.armextab.*)

.ARM            0x08004cb8        0x8
                0x08004cb8                __exidx_start = .
 *(.ARM.exidx*)
 .ARM.exidx     0x08004cb8        0x8 c:/progra~3/matlab/suppor~1/r2021b/3p778c~1.ins/gnuarm~1.ins/win/bin/../lib/gcc/arm-none-eabi/9.3.1/thumb/v7e-m+fp/hard\libgcc.a(_udivmoddi4.o)
                0x08004cc0                __exidx_end = .

.rel.dyn        0x08004cc0        0x0
 .rel.iplt      0x08004cc0        0x0 c:/progra~3/matlab/suppor~1/r2021b/3p778c~1.ins/gnuarm~1.ins/win/bin/../lib/gcc/arm-none-eabi/9.3.1/thumb/v7e-m+fp/hard/crtbegin.o

.preinit_array  0x08004cc0        0x0
                0x08004cc0                PROVIDE (__preinit_array_start = .)
 *(.preinit_array*)
                0x08004cc0                PROVIDE (__preinit_array_end = .)

.init_array     0x08004cc0        0x4
                0x08004cc0                PROVIDE (__init_array_start = .)
 *(SORT_BY_NAME(.init_array.*))
 *(.init_array*)
 .init_array    0x08004cc0        0x4 c:/progra~3/matlab/suppor~1/r2021b/3p778c~1.ins/gnuarm~1.ins/win/bin/../lib/gcc/arm-none-eabi/9.3.1/thumb/v7e-m+fp/hard/crtbegin.o
                0x08004cc4                PROVIDE (__init_array_end = .)

.fini_array     0x08004cc4        0x4
                [!provide]                PROVIDE (__fini_array_start = .)
 *(SORT_BY_NAME(.fini_array.*))
 *(.fini_array*)
 .fini_array    0x08004cc4        0x4 c:/progra~3/matlab/suppor~1/r2021b/3p778c~1.ins/gnuarm~1.ins/win/bin/../lib/gcc/arm-none-eabi/9.3.1/thumb/v7e-m+fp/hard/crtbegin.o
                [!provide]                PROVIDE (__fini_array_end = .)
                0x08004cc8                _sidata = LOADADDR (.data)

.data           0x20000000      0x1c8 load address 0x08004cc8
                0x20000000                . = ALIGN (0x4)
                0x20000000                _sdata = .
 *(.data)
 *(.data*)
 .data.top_level_algo_P
                0x20000000      0x158 top_level_algo_data.o
                0x20000000                top_level_algo_P
 .data.uwTickFreq
                0x20000158        0x1 stm32f4xx_hal.o
                0x20000158                uwTickFreq
 *fill*         0x20000159        0x3 
 .data.SystemCoreClock
                0x2000015c        0x4 system_stm32f4xx.o
                0x2000015c                SystemCoreClock
 .data.__fdlib_version
                0x20000160        0x1 c:/progra~3/matlab/suppor~1/r2021b/3p778c~1.ins/gnuarm~1.ins/win/bin/../lib/gcc/arm-none-eabi/9.3.1/../../../../arm-none-eabi/lib/thumb/v7e-m+fp/hard\libm.a(lib_a-s_lib_ver.o)
                0x20000160                __fdlib_version
 *fill*         0x20000161        0x3 
 .data._impure_ptr
                0x20000164        0x4 c:/progra~3/matlab/suppor~1/r2021b/3p778c~1.ins/gnuarm~1.ins/win/bin/../lib/gcc/arm-none-eabi/9.3.1/../../../../arm-none-eabi/lib/thumb/v7e-m+fp/hard\libc_nano.a(lib_a-impure.o)
                0x20000164                _impure_ptr
 .data.impure_data
                0x20000168       0x60 c:/progra~3/matlab/suppor~1/r2021b/3p778c~1.ins/gnuarm~1.ins/win/bin/../lib/gcc/arm-none-eabi/9.3.1/../../../../arm-none-eabi/lib/thumb/v7e-m+fp/hard\libc_nano.a(lib_a-impure.o)
                0x200001c8                . = ALIGN (0x4)
                0x200001c8                _edata = .
                0x08004e90                _siccmram = LOADADDR (.ccmram)

.igot.plt       0x200001c8        0x0 load address 0x08004e90
 .igot.plt      0x200001c8        0x0 c:/progra~3/matlab/suppor~1/r2021b/3p778c~1.ins/gnuarm~1.ins/win/bin/../lib/gcc/arm-none-eabi/9.3.1/thumb/v7e-m+fp/hard/crtbegin.o

.ccmram         0x10000000        0x0 load address 0x08004e90
                0x10000000                . = ALIGN (0x4)
                0x10000000                _sccmram = .
 *(.ccmram)
 *(.ccmram*)
                0x10000000                . = ALIGN (0x4)
                0x10000000                _eccmram = .
                0x10000000                . = ALIGN (0x4)

.bss            0x200001c8      0xc78
                0x200001c8                _sbss = .
                0x200001c8                __bss_start__ = _sbss
 *(.bss)
 .bss           0x200001c8       0x1c c:/progra~3/matlab/suppor~1/r2021b/3p778c~1.ins/gnuarm~1.ins/win/bin/../lib/gcc/arm-none-eabi/9.3.1/thumb/v7e-m+fp/hard/crtbegin.o
 *(.bss*)
 .bss.IsrOverrun
                0x200001e4        0x4 ert_main.o
                0x200001e4                IsrOverrun
 .bss.OverrunFlag
                0x200001e8        0x1 ert_main.o
 *fill*         0x200001e9        0x7 
 .bss.top_level_algo_M_
                0x200001f0      0x140 top_level_algo.o
 *(COMMON)
 COMMON         0x20000330       0x14 stm_adc_ll.o
                0x20000330                mw_adc3
 COMMON         0x20000344        0x2 ert_main.o
                0x20000344                runModel
                0x20000345                stopRequested
 *fill*         0x20000346        0x2 
 COMMON         0x20000348       0x24 rt_nonfinite.o
                0x20000348                rtNaNF
                0x2000034c                rtInfF
                0x20000350                rtInf
                0x20000358                rtNaN
                0x20000360                rtMinusInf
                0x20000368                rtMinusInfF
 *fill*         0x2000036c        0x4 
 COMMON         0x20000370      0xa78 top_level_algo.o
                0x20000370                top_level_algo_B
                0x20000710                top_level_algo_DW
 COMMON         0x20000de8        0x8 SysTickScheduler.o
                0x20000de8                schdl_counter_max
                0x20000dec                schdl_counter
 COMMON         0x20000df0        0x4 m3m4m4f_multitasking.o
                0x20000df0                taskToSchedule
 COMMON         0x20000df4       0x48 stm32f4xx_hal_timebase_tim.o
                0x20000df4                htim5
 COMMON         0x20000e3c        0x4 stm32f4xx_hal.o
                0x20000e3c                uwTick
                0x20000e40                . = ALIGN (0x4)
                0x20000e40                _ebss = .
                0x20000e40                __bss_end__ = _ebss

._user_heap_stack
                0x20000e40      0x600
                0x20000e40                . = ALIGN (0x8)
                0x20000e40                PROVIDE (end = .)
                [!provide]                PROVIDE (_end = .)
                0x20001040                . = (. + _Min_Heap_Size)
 *fill*         0x20000e40      0x200 
                0x20001440                . = (. + _Min_Stack_Size)
 *fill*         0x20001040      0x400 
                0x20001440                . = ALIGN (0x8)

/DISCARD/
 libc.a(*)
 libm.a(*)
 libgcc.a(*)

.ARM.attributes
                0x00000000       0x30
 *(.ARM.attributes)
 .ARM.attributes
                0x00000000       0x1e c:/progra~3/matlab/suppor~1/r2021b/3p778c~1.ins/gnuarm~1.ins/win/bin/../lib/gcc/arm-none-eabi/9.3.1/thumb/v7e-m+fp/hard/crti.o
 .ARM.attributes
                0x0000001e       0x34 c:/progra~3/matlab/suppor~1/r2021b/3p778c~1.ins/gnuarm~1.ins/win/bin/../lib/gcc/arm-none-eabi/9.3.1/thumb/v7e-m+fp/hard/crtbegin.o
 .ARM.attributes
                0x00000052       0x34 stm_adc_ll.o
 .ARM.attributes
                0x00000086       0x34 ert_main.o
 .ARM.attributes
                0x000000ba       0x34 rtGetInf.o
 .ARM.attributes
                0x000000ee       0x34 rtGetNaN.o
 .ARM.attributes
                0x00000122       0x34 rt_nonfinite.o
 .ARM.attributes
                0x00000156       0x34 top_level_algo.o
 .ARM.attributes
                0x0000018a       0x39 top_level_algo_data.o
 .ARM.attributes
                0x000001c3       0x34 SysTickScheduler.o
 .ARM.attributes
                0x000001f7       0x34 m3m4m4f_multitasking.o
 .ARM.attributes
                0x0000022b       0x34 main.o
 .ARM.attributes
                0x0000025f       0x34 stm32f4xx_it.o
 .ARM.attributes
                0x00000293       0x34 stm32f4xx_hal_msp.o
 .ARM.attributes
                0x000002c7       0x34 stm32f4xx_hal_timebase_tim.o
 .ARM.attributes
                0x000002fb       0x34 stm32f4xx_ll_gpio.o
 .ARM.attributes
                0x0000032f       0x34 stm32f4xx_ll_adc.o
 .ARM.attributes
                0x00000363       0x34 stm32f4xx_ll_rcc.o
 .ARM.attributes
                0x00000397       0x34 stm32f4xx_ll_utils.o
 .ARM.attributes
                0x000003cb       0x34 stm32f4xx_ll_exti.o
 .ARM.attributes
                0x000003ff       0x34 stm32f4xx_hal_rcc.o
 .ARM.attributes
                0x00000433       0x34 stm32f4xx_hal_cortex.o
 .ARM.attributes
                0x00000467       0x34 stm32f4xx_hal.o
 .ARM.attributes
                0x0000049b       0x34 stm32f4xx_ll_i2c.o
 .ARM.attributes
                0x000004cf       0x34 stm32f4xx_ll_spi.o
 .ARM.attributes
                0x00000503       0x34 stm32f4xx_hal_tim.o
 .ARM.attributes
                0x00000537       0x34 stm32f4xx_hal_tim_ex.o
 .ARM.attributes
                0x0000056b       0x34 stm32f4xx_ll_tim.o
 .ARM.attributes
                0x0000059f       0x34 stm32f4xx_ll_usart.o
 .ARM.attributes
                0x000005d3       0x34 system_stm32f4xx.o
 .ARM.attributes
                0x00000607       0x21 startup_stm32f429xx.o
 .ARM.attributes
                0x00000628       0x34 c:/progra~3/matlab/suppor~1/r2021b/3p778c~1.ins/gnuarm~1.ins/win/bin/../lib/gcc/arm-none-eabi/9.3.1/../../../../arm-none-eabi/lib/thumb/v7e-m+fp/hard\libm.a(lib_a-s_ceil.o)
 .ARM.attributes
                0x0000065c       0x34 c:/progra~3/matlab/suppor~1/r2021b/3p778c~1.ins/gnuarm~1.ins/win/bin/../lib/gcc/arm-none-eabi/9.3.1/../../../../arm-none-eabi/lib/thumb/v7e-m+fp/hard\libm.a(lib_a-s_floor.o)
 .ARM.attributes
                0x00000690       0x34 c:/progra~3/matlab/suppor~1/r2021b/3p778c~1.ins/gnuarm~1.ins/win/bin/../lib/gcc/arm-none-eabi/9.3.1/../../../../arm-none-eabi/lib/thumb/v7e-m+fp/hard\libm.a(lib_a-w_fmod.o)
 .ARM.attributes
                0x000006c4       0x34 c:/progra~3/matlab/suppor~1/r2021b/3p778c~1.ins/gnuarm~1.ins/win/bin/../lib/gcc/arm-none-eabi/9.3.1/../../../../arm-none-eabi/lib/thumb/v7e-m+fp/hard\libm.a(lib_a-e_fmod.o)
 .ARM.attributes
                0x000006f8       0x32 c:/progra~3/matlab/suppor~1/r2021b/3p778c~1.ins/gnuarm~1.ins/win/bin/../lib/gcc/arm-none-eabi/9.3.1/../../../../arm-none-eabi/lib/thumb/v7e-m+fp/hard\libm.a(lib_a-s_lib_ver.o)
 .ARM.attributes
                0x0000072a       0x1e c:/progra~3/matlab/suppor~1/r2021b/3p778c~1.ins/gnuarm~1.ins/win/bin/../lib/gcc/arm-none-eabi/9.3.1/thumb/v7e-m+fp/hard\libgcc.a(_arm_addsubdf3.o)
 .ARM.attributes
                0x00000748       0x1e c:/progra~3/matlab/suppor~1/r2021b/3p778c~1.ins/gnuarm~1.ins/win/bin/../lib/gcc/arm-none-eabi/9.3.1/thumb/v7e-m+fp/hard\libgcc.a(_arm_muldivdf3.o)
 .ARM.attributes
                0x00000766       0x1e c:/progra~3/matlab/suppor~1/r2021b/3p778c~1.ins/gnuarm~1.ins/win/bin/../lib/gcc/arm-none-eabi/9.3.1/thumb/v7e-m+fp/hard\libgcc.a(_arm_cmpdf2.o)
 .ARM.attributes
                0x00000784       0x1e c:/progra~3/matlab/suppor~1/r2021b/3p778c~1.ins/gnuarm~1.ins/win/bin/../lib/gcc/arm-none-eabi/9.3.1/thumb/v7e-m+fp/hard\libgcc.a(_arm_unorddf2.o)
 .ARM.attributes
                0x000007a2       0x1e c:/progra~3/matlab/suppor~1/r2021b/3p778c~1.ins/gnuarm~1.ins/win/bin/../lib/gcc/arm-none-eabi/9.3.1/thumb/v7e-m+fp/hard\libgcc.a(_arm_fixunsdfsi.o)
 .ARM.attributes
                0x000007c0       0x1e c:/progra~3/matlab/suppor~1/r2021b/3p778c~1.ins/gnuarm~1.ins/win/bin/../lib/gcc/arm-none-eabi/9.3.1/thumb/v7e-m+fp/hard\libgcc.a(_aeabi_uldivmod.o)
 .ARM.attributes
                0x000007de       0x34 c:/progra~3/matlab/suppor~1/r2021b/3p778c~1.ins/gnuarm~1.ins/win/bin/../lib/gcc/arm-none-eabi/9.3.1/thumb/v7e-m+fp/hard\libgcc.a(_udivmoddi4.o)
 .ARM.attributes
                0x00000812       0x1e c:/progra~3/matlab/suppor~1/r2021b/3p778c~1.ins/gnuarm~1.ins/win/bin/../lib/gcc/arm-none-eabi/9.3.1/thumb/v7e-m+fp/hard\libgcc.a(_dvmd_tls.o)
 .ARM.attributes
                0x00000830       0x34 c:/progra~3/matlab/suppor~1/r2021b/3p778c~1.ins/gnuarm~1.ins/win/bin/../lib/gcc/arm-none-eabi/9.3.1/../../../../arm-none-eabi/lib/thumb/v7e-m+fp/hard\libc_nano.a(lib_a-errno.o)
 .ARM.attributes
                0x00000864       0x32 c:/progra~3/matlab/suppor~1/r2021b/3p778c~1.ins/gnuarm~1.ins/win/bin/../lib/gcc/arm-none-eabi/9.3.1/../../../../arm-none-eabi/lib/thumb/v7e-m+fp/hard\libc_nano.a(lib_a-impure.o)
 .ARM.attributes
                0x00000896       0x34 c:/progra~3/matlab/suppor~1/r2021b/3p778c~1.ins/gnuarm~1.ins/win/bin/../lib/gcc/arm-none-eabi/9.3.1/../../../../arm-none-eabi/lib/thumb/v7e-m+fp/hard\libc_nano.a(lib_a-init.o)
 .ARM.attributes
                0x000008ca       0x34 c:/progra~3/matlab/suppor~1/r2021b/3p778c~1.ins/gnuarm~1.ins/win/bin/../lib/gcc/arm-none-eabi/9.3.1/../../../../arm-none-eabi/lib/thumb/v7e-m+fp/hard\libc_nano.a(lib_a-memcpy-stub.o)
 .ARM.attributes
                0x000008fe       0x34 c:/progra~3/matlab/suppor~1/r2021b/3p778c~1.ins/gnuarm~1.ins/win/bin/../lib/gcc/arm-none-eabi/9.3.1/../../../../arm-none-eabi/lib/thumb/v7e-m+fp/hard\libc_nano.a(lib_a-memmove.o)
 .ARM.attributes
                0x00000932       0x34 c:/progra~3/matlab/suppor~1/r2021b/3p778c~1.ins/gnuarm~1.ins/win/bin/../lib/gcc/arm-none-eabi/9.3.1/../../../../arm-none-eabi/lib/thumb/v7e-m+fp/hard\libc_nano.a(lib_a-memset.o)
 .ARM.attributes
                0x00000966       0x1e c:/progra~3/matlab/suppor~1/r2021b/3p778c~1.ins/gnuarm~1.ins/win/bin/../lib/gcc/arm-none-eabi/9.3.1/thumb/v7e-m+fp/hard/crtn.o
OUTPUT(../top_level_algo.elf elf32-littlearm)
LOAD linker stubs
LOAD c:/progra~3/matlab/suppor~1/r2021b/3p778c~1.ins/gnuarm~1.ins/win/bin/../lib/gcc/arm-none-eabi/9.3.1/../../../../arm-none-eabi/lib/thumb/v7e-m+fp/hard\libc.a
LOAD c:/progra~3/matlab/suppor~1/r2021b/3p778c~1.ins/gnuarm~1.ins/win/bin/../lib/gcc/arm-none-eabi/9.3.1/../../../../arm-none-eabi/lib/thumb/v7e-m+fp/hard\libm.a
LOAD c:/progra~3/matlab/suppor~1/r2021b/3p778c~1.ins/gnuarm~1.ins/win/bin/../lib/gcc/arm-none-eabi/9.3.1/thumb/v7e-m+fp/hard\libgcc.a

.comment        0x00000000       0x4c
 .comment       0x00000000       0x4c stm_adc_ll.o
                                 0x4d (size before relaxing)
 .comment       0x0000004c       0x4d ert_main.o
 .comment       0x0000004c       0x4d rtGetInf.o
 .comment       0x0000004c       0x4d rtGetNaN.o
 .comment       0x0000004c       0x4d rt_nonfinite.o
 .comment       0x0000004c       0x4d top_level_algo.o
 .comment       0x0000004c       0x4d top_level_algo_data.o
 .comment       0x0000004c       0x4d SysTickScheduler.o
 .comment       0x0000004c       0x4d m3m4m4f_multitasking.o
 .comment       0x0000004c       0x4d main.o
 .comment       0x0000004c       0x4d stm32f4xx_it.o
 .comment       0x0000004c       0x4d stm32f4xx_hal_msp.o
 .comment       0x0000004c       0x4d stm32f4xx_hal_timebase_tim.o
 .comment       0x0000004c       0x4d stm32f4xx_ll_gpio.o
 .comment       0x0000004c       0x4d stm32f4xx_ll_adc.o
 .comment       0x0000004c       0x4d stm32f4xx_ll_rcc.o
 .comment       0x0000004c       0x4d stm32f4xx_ll_utils.o
 .comment       0x0000004c       0x4d stm32f4xx_ll_exti.o
 .comment       0x0000004c       0x4d stm32f4xx_hal_rcc.o
 .comment       0x0000004c       0x4d stm32f4xx_hal_cortex.o
 .comment       0x0000004c       0x4d stm32f4xx_hal.o
 .comment       0x0000004c       0x4d stm32f4xx_ll_i2c.o
 .comment       0x0000004c       0x4d stm32f4xx_ll_spi.o
 .comment       0x0000004c       0x4d stm32f4xx_hal_tim.o
 .comment       0x0000004c       0x4d stm32f4xx_hal_tim_ex.o
 .comment       0x0000004c       0x4d stm32f4xx_ll_tim.o
 .comment       0x0000004c       0x4d stm32f4xx_ll_usart.o
 .comment       0x0000004c       0x4d system_stm32f4xx.o

.debug_frame    0x00000000      0x400
 .debug_frame   0x00000000       0x30 c:/progra~3/matlab/suppor~1/r2021b/3p778c~1.ins/gnuarm~1.ins/win/bin/../lib/gcc/arm-none-eabi/9.3.1/../../../../arm-none-eabi/lib/thumb/v7e-m+fp/hard\libm.a(lib_a-s_ceil.o)
 .debug_frame   0x00000030       0x30 c:/progra~3/matlab/suppor~1/r2021b/3p778c~1.ins/gnuarm~1.ins/win/bin/../lib/gcc/arm-none-eabi/9.3.1/../../../../arm-none-eabi/lib/thumb/v7e-m+fp/hard\libm.a(lib_a-s_floor.o)
 .debug_frame   0x00000060       0x4c c:/progra~3/matlab/suppor~1/r2021b/3p778c~1.ins/gnuarm~1.ins/win/bin/../lib/gcc/arm-none-eabi/9.3.1/../../../../arm-none-eabi/lib/thumb/v7e-m+fp/hard\libm.a(lib_a-w_fmod.o)
 .debug_frame   0x000000ac       0x34 c:/progra~3/matlab/suppor~1/r2021b/3p778c~1.ins/gnuarm~1.ins/win/bin/../lib/gcc/arm-none-eabi/9.3.1/../../../../arm-none-eabi/lib/thumb/v7e-m+fp/hard\libm.a(lib_a-e_fmod.o)
 .debug_frame   0x000000e0       0xac c:/progra~3/matlab/suppor~1/r2021b/3p778c~1.ins/gnuarm~1.ins/win/bin/../lib/gcc/arm-none-eabi/9.3.1/thumb/v7e-m+fp/hard\libgcc.a(_arm_addsubdf3.o)
 .debug_frame   0x0000018c       0x50 c:/progra~3/matlab/suppor~1/r2021b/3p778c~1.ins/gnuarm~1.ins/win/bin/../lib/gcc/arm-none-eabi/9.3.1/thumb/v7e-m+fp/hard\libgcc.a(_arm_muldivdf3.o)
 .debug_frame   0x000001dc       0xc4 c:/progra~3/matlab/suppor~1/r2021b/3p778c~1.ins/gnuarm~1.ins/win/bin/../lib/gcc/arm-none-eabi/9.3.1/thumb/v7e-m+fp/hard\libgcc.a(_arm_cmpdf2.o)
 .debug_frame   0x000002a0       0x20 c:/progra~3/matlab/suppor~1/r2021b/3p778c~1.ins/gnuarm~1.ins/win/bin/../lib/gcc/arm-none-eabi/9.3.1/thumb/v7e-m+fp/hard\libgcc.a(_arm_unorddf2.o)
 .debug_frame   0x000002c0       0x24 c:/progra~3/matlab/suppor~1/r2021b/3p778c~1.ins/gnuarm~1.ins/win/bin/../lib/gcc/arm-none-eabi/9.3.1/thumb/v7e-m+fp/hard\libgcc.a(_arm_fixunsdfsi.o)
 .debug_frame   0x000002e4       0x2c c:/progra~3/matlab/suppor~1/r2021b/3p778c~1.ins/gnuarm~1.ins/win/bin/../lib/gcc/arm-none-eabi/9.3.1/thumb/v7e-m+fp/hard\libgcc.a(_aeabi_uldivmod.o)
 .debug_frame   0x00000310       0x34 c:/progra~3/matlab/suppor~1/r2021b/3p778c~1.ins/gnuarm~1.ins/win/bin/../lib/gcc/arm-none-eabi/9.3.1/thumb/v7e-m+fp/hard\libgcc.a(_udivmoddi4.o)
 .debug_frame   0x00000344       0x20 c:/progra~3/matlab/suppor~1/r2021b/3p778c~1.ins/gnuarm~1.ins/win/bin/../lib/gcc/arm-none-eabi/9.3.1/../../../../arm-none-eabi/lib/thumb/v7e-m+fp/hard\libc_nano.a(lib_a-errno.o)
 .debug_frame   0x00000364       0x2c c:/progra~3/matlab/suppor~1/r2021b/3p778c~1.ins/gnuarm~1.ins/win/bin/../lib/gcc/arm-none-eabi/9.3.1/../../../../arm-none-eabi/lib/thumb/v7e-m+fp/hard\libc_nano.a(lib_a-init.o)
 .debug_frame   0x00000390       0x28 c:/progra~3/matlab/suppor~1/r2021b/3p778c~1.ins/gnuarm~1.ins/win/bin/../lib/gcc/arm-none-eabi/9.3.1/../../../../arm-none-eabi/lib/thumb/v7e-m+fp/hard\libc_nano.a(lib_a-memcpy-stub.o)
 .debug_frame   0x000003b8       0x28 c:/progra~3/matlab/suppor~1/r2021b/3p778c~1.ins/gnuarm~1.ins/win/bin/../lib/gcc/arm-none-eabi/9.3.1/../../../../arm-none-eabi/lib/thumb/v7e-m+fp/hard\libc_nano.a(lib_a-memmove.o)
 .debug_frame   0x000003e0       0x20 c:/progra~3/matlab/suppor~1/r2021b/3p778c~1.ins/gnuarm~1.ins/win/bin/../lib/gcc/arm-none-eabi/9.3.1/../../../../arm-none-eabi/lib/thumb/v7e-m+fp/hard\libc_nano.a(lib_a-memset.o)
